Warning: Permanently added '[127.0.0.1]:2222' (ED25519) to the list of known hosts.
+ export DEBIAN_FRONTEND=noninteractive
+ DEBIAN_FRONTEND=noninteractive
+ apt-get update
Hit:1 http://archive.ubuntu.com/ubuntu jammy InRelease
Get:2 http://archive.ubuntu.com/ubuntu jammy-updates InRelease [128 kB]
Get:3 http://archive.ubuntu.com/ubuntu jammy-backports InRelease [127 kB]
Get:4 http://security.ubuntu.com/ubuntu jammy-security InRelease [129 kB]
Get:5 http://archive.ubuntu.com/ubuntu jammy/universe amd64 Packages [14.1 MB]
Get:6 http://archive.ubuntu.com/ubuntu jammy/universe Translation-en [5652 kB]
Get:7 http://archive.ubuntu.com/ubuntu jammy/universe amd64 c-n-f Metadata [286 kB]
Get:8 http://archive.ubuntu.com/ubuntu jammy/multiverse amd64 Packages [217 kB]
Get:9 http://archive.ubuntu.com/ubuntu jammy/multiverse Translation-en [112 kB]
Get:10 http://archive.ubuntu.com/ubuntu jammy/multiverse amd64 c-n-f Metadata [8372 B]
Get:11 http://archive.ubuntu.com/ubuntu jammy-updates/main amd64 Packages [3899 kB]
Get:12 http://security.ubuntu.com/ubuntu jammy-security/main amd64 Packages [3596 kB]
Get:13 http://security.ubuntu.com/ubuntu jammy-security/main Translation-en [504 kB]
Get:14 http://security.ubuntu.com/ubuntu jammy-security/restricted amd64 Packages [6410 kB]
Get:15 http://security.ubuntu.com/ubuntu jammy-security/restricted Translation-en [1232 kB]
Get:16 http://security.ubuntu.com/ubuntu jammy-security/universe amd64 Packages [1052 kB]
Get:17 http://security.ubuntu.com/ubuntu jammy-security/universe Translation-en [236 kB]
Get:18 http://security.ubuntu.com/ubuntu jammy-security/universe amd64 c-n-f Metadata [23.2 kB]
Get:19 http://security.ubuntu.com/ubuntu jammy-security/multiverse amd64 Packages [69.4 kB]
Get:20 http://security.ubuntu.com/ubuntu jammy-security/multiverse Translation-en [12.9 kB]
Get:21 http://security.ubuntu.com/ubuntu jammy-security/multiverse amd64 c-n-f Metadata [544 B]
Get:22 http://archive.ubuntu.com/ubuntu jammy-updates/main Translation-en [575 kB]
Get:23 http://archive.ubuntu.com/ubuntu jammy-updates/restricted amd64 Packages [6701 kB]
Get:24 http://archive.ubuntu.com/ubuntu jammy-updates/restricted Translation-en [1287 kB]
Get:25 http://archive.ubuntu.com/ubuntu jammy-updates/universe amd64 Packages [1285 kB]
Get:26 http://archive.ubuntu.com/ubuntu jammy-updates/universe Translation-en [325 kB]
Get:27 http://archive.ubuntu.com/ubuntu jammy-updates/universe amd64 c-n-f Metadata [30.8 kB]
Get:28 http://archive.ubuntu.com/ubuntu jammy-updates/multiverse amd64 Packages [76.8 kB]
Get:29 http://archive.ubuntu.com/ubuntu jammy-updates/multiverse Translation-en [15.9 kB]
Get:30 http://archive.ubuntu.com/ubuntu jammy-updates/multiverse amd64 c-n-f Metadata [756 B]
Get:31 http://archive.ubuntu.com/ubuntu jammy-backports/main amd64 Packages [70.2 kB]
Get:32 http://archive.ubuntu.com/ubuntu jammy-backports/main Translation-en [11.4 kB]
Get:33 http://archive.ubuntu.com/ubuntu jammy-backports/main amd64 c-n-f Metadata [412 B]
Get:34 http://archive.ubuntu.com/ubuntu jammy-backports/restricted amd64 c-n-f Metadata [116 B]
Get:35 http://archive.ubuntu.com/ubuntu jammy-backports/universe amd64 Packages [30.8 kB]
Get:36 http://archive.ubuntu.com/ubuntu jammy-backports/universe Translation-en [16.9 kB]
Get:37 http://archive.ubuntu.com/ubuntu jammy-backports/universe amd64 c-n-f Metadata [676 B]
Get:38 http://archive.ubuntu.com/ubuntu jammy-backports/multiverse amd64 c-n-f Metadata [116 B]
Fetched 48.2 MB in 2min 33s (314 kB/s)
Reading package lists...
+ apt-get install -y python3-pip python3-dev build-essential libsqlite3-dev
Reading package lists...
Building dependency tree...
Reading state information...
The following additional packages will be installed:
  bzip2 cpp cpp-11 dpkg-dev fakeroot fontconfig-config fonts-dejavu-core g++
  g++-11 gcc gcc-11 gcc-11-base javascript-common libalgorithm-diff-perl
  libalgorithm-diff-xs-perl libalgorithm-merge-perl libasan6 libatomic1
  libc-dev-bin libc-devtools libc6-dev libcc1-0 libcrypt-dev libdeflate0
  libdpkg-perl libexpat1-dev libfakeroot libfile-fcntllock-perl libfontconfig1
  libgcc-11-dev libgd3 libgomp1 libisl23 libitm1 libjbig0 libjpeg-turbo8
  libjpeg8 libjs-jquery libjs-sphinxdoc libjs-underscore liblsan0 libmpc3
  libnsl-dev libpython3-dev libpython3.10-dev libquadmath0 libstdc++-11-dev
  libtiff5 libtirpc-dev libtsan0 libubsan1 libwebp7 libxpm4 linux-libc-dev
  lto-disabled-list make manpages-dev python3-wheel python3.10-dev
  rpcsvc-proto zlib1g-dev
Suggested packages:
  bzip2-doc cpp-doc gcc-11-locales debian-keyring g++-multilib g++-11-multilib
  gcc-11-doc gcc-multilib autoconf automake libtool flex bison gdb gcc-doc
  gcc-11-multilib apache2 | lighttpd | httpd glibc-doc bzr libgd-tools
  sqlite3-doc libstdc++-11-doc make-doc
The following NEW packages will be installed:
  build-essential bzip2 cpp cpp-11 dpkg-dev fakeroot fontconfig-config
  fonts-dejavu-core g++ g++-11 gcc gcc-11 gcc-11-base javascript-common
  libalgorithm-diff-perl libalgorithm-diff-xs-perl libalgorithm-merge-perl
  libasan6 libatomic1 libc-dev-bin libc-devtools libc6-dev libcc1-0
  libcrypt-dev libdeflate0 libdpkg-perl libexpat1-dev libfakeroot
  libfile-fcntllock-perl libfontconfig1 libgcc-11-dev libgd3 libgomp1 libisl23
  libitm1 libjbig0 libjpeg-turbo8 libjpeg8 libjs-jquery libjs-sphinxdoc
  libjs-underscore liblsan0 libmpc3 libnsl-dev libpython3-dev
  libpython3.10-dev libquadmath0 libsqlite3-dev libstdc++-11-dev libtiff5
  libtirpc-dev libtsan0 libubsan1 libwebp7 libxpm4 linux-libc-dev
  lto-disabled-list make manpages-dev python3-dev python3-pip python3-wheel
  python3.10-dev rpcsvc-proto zlib1g-dev
0 upgraded, 65 newly installed, 0 to remove and 10 not upgraded.
Need to get 72.4 MB of archives.
After this operation, 243 MB of additional disk space will be used.
Get:1 http://archive.ubuntu.com/ubuntu jammy-updates/main amd64 libc-dev-bin amd64 2.35-0ubuntu3.15 [20.3 kB]
Get:2 http://archive.ubuntu.com/ubuntu jammy-updates/main amd64 linux-libc-dev amd64 5.15.0-198.208 [1391 kB]
Get:3 http://archive.ubuntu.com/ubuntu jammy/main amd64 libcrypt-dev amd64 1:4.4.27-1 [112 kB]
Get:4 http://archive.ubuntu.com/ubuntu jammy/main amd64 rpcsvc-proto amd64 1.4.2-0ubuntu6 [68.5 kB]
Get:5 http://archive.ubuntu.com/ubuntu jammy-updates/main amd64 libtirpc-dev amd64 1.3.2-2ubuntu0.1 [192 kB]
Get:6 http://archive.ubuntu.com/ubuntu jammy/main amd64 libnsl-dev amd64 1.3.0-2build2 [71.3 kB]
Get:7 http://archive.ubuntu.com/ubuntu jammy-updates/main amd64 libc6-dev amd64 2.35-0ubuntu3.15 [2100 kB]
Get:8 http://archive.ubuntu.com/ubuntu jammy-updates/main amd64 gcc-11-base amd64 11.4.0-1ubuntu1~22.04.3 [216 kB]
Get:9 http://archive.ubuntu.com/ubuntu jammy/main amd64 libisl23 amd64 0.24-2build1 [727 kB]
Get:10 http://archive.ubuntu.com/ubuntu jammy/main amd64 libmpc3 amd64 1.2.1-2build1 [46.9 kB]
Get:11 http://archive.ubuntu.com/ubuntu jammy-updates/main amd64 cpp-11 amd64 11.4.0-1ubuntu1~22.04.3 [10.0 MB]
Get:12 http://archive.ubuntu.com/ubuntu jammy/main amd64 cpp amd64 4:11.2.0-1ubuntu1 [27.7 kB]
Get:13 http://archive.ubuntu.com/ubuntu jammy-updates/main amd64 libcc1-0 amd64 12.3.0-1ubuntu1~22.04.3 [48.3 kB]
Get:14 http://archive.ubuntu.com/ubuntu jammy-updates/main amd64 libgomp1 amd64 12.3.0-1ubuntu1~22.04.3 [127 kB]
Get:15 http://archive.ubuntu.com/ubuntu jammy-updates/main amd64 libitm1 amd64 12.3.0-1ubuntu1~22.04.3 [30.2 kB]
Get:16 http://archive.ubuntu.com/ubuntu jammy-updates/main amd64 libatomic1 amd64 12.3.0-1ubuntu1~22.04.3 [10.5 kB]
Get:17 http://archive.ubuntu.com/ubuntu jammy-updates/main amd64 libasan6 amd64 11.4.0-1ubuntu1~22.04.3 [2283 kB]
Get:18 http://archive.ubuntu.com/ubuntu jammy-updates/main amd64 liblsan0 amd64 12.3.0-1ubuntu1~22.04.3 [1069 kB]
Get:19 http://archive.ubuntu.com/ubuntu jammy-updates/main amd64 libtsan0 amd64 11.4.0-1ubuntu1~22.04.3 [2260 kB]
Get:20 http://archive.ubuntu.com/ubuntu jammy-updates/main amd64 libubsan1 amd64 12.3.0-1ubuntu1~22.04.3 [976 kB]
Get:21 http://archive.ubuntu.com/ubuntu jammy-updates/main amd64 libquadmath0 amd64 12.3.0-1ubuntu1~22.04.3 [154 kB]
Get:22 http://archive.ubuntu.com/ubuntu jammy-updates/main amd64 libgcc-11-dev amd64 11.4.0-1ubuntu1~22.04.3 [2517 kB]
Get:23 http://archive.ubuntu.com/ubuntu jammy-updates/main amd64 gcc-11 amd64 11.4.0-1ubuntu1~22.04.3 [20.1 MB]
Get:24 http://archive.ubuntu.com/ubuntu jammy/main amd64 gcc amd64 4:11.2.0-1ubuntu1 [5112 B]
Get:25 http://archive.ubuntu.com/ubuntu jammy-updates/main amd64 libstdc++-11-dev amd64 11.4.0-1ubuntu1~22.04.3 [2101 kB]
Get:26 http://archive.ubuntu.com/ubuntu jammy-updates/main amd64 g++-11 amd64 11.4.0-1ubuntu1~22.04.3 [11.4 MB]
Get:27 http://archive.ubuntu.com/ubuntu jammy/main amd64 g++ amd64 4:11.2.0-1ubuntu1 [1412 B]
Get:28 http://archive.ubuntu.com/ubuntu jammy/main amd64 make amd64 4.3-4.1build1 [180 kB]
Get:29 http://archive.ubuntu.com/ubuntu jammy-updates/main amd64 libdpkg-perl all 1.21.1ubuntu2.6 [237 kB]
Get:30 http://archive.ubuntu.com/ubuntu jammy-updates/main amd64 bzip2 amd64 1.0.8-5ubuntu0.1 [34.8 kB]
Get:31 http://archive.ubuntu.com/ubuntu jammy/main amd64 lto-disabled-list all 24 [12.5 kB]
Get:32 http://archive.ubuntu.com/ubuntu jammy-updates/main amd64 dpkg-dev all 1.21.1ubuntu2.6 [922 kB]
Get:33 http://archive.ubuntu.com/ubuntu jammy/main amd64 build-essential amd64 12.9ubuntu3 [4744 B]
Get:34 http://archive.ubuntu.com/ubuntu jammy/main amd64 libfakeroot amd64 1.28-1ubuntu1 [31.5 kB]
Get:35 http://archive.ubuntu.com/ubuntu jammy/main amd64 fakeroot amd64 1.28-1ubuntu1 [60.4 kB]
Get:36 http://archive.ubuntu.com/ubuntu jammy/main amd64 fonts-dejavu-core all 2.37-2build1 [1041 kB]
Get:37 http://archive.ubuntu.com/ubuntu jammy/main amd64 fontconfig-config all 2.13.1-4.2ubuntu5 [29.1 kB]
Get:38 http://archive.ubuntu.com/ubuntu jammy/main amd64 javascript-common all 11+nmu1 [5936 B]
Get:39 http://archive.ubuntu.com/ubuntu jammy/main amd64 libalgorithm-diff-perl all 1.201-1 [41.8 kB]
Get:40 http://archive.ubuntu.com/ubuntu jammy/main amd64 libalgorithm-diff-xs-perl amd64 0.04-6build3 [11.9 kB]
Get:41 http://archive.ubuntu.com/ubuntu jammy/main amd64 libalgorithm-merge-perl all 0.08-3 [12.0 kB]
Get:42 http://archive.ubuntu.com/ubuntu jammy/main amd64 libfontconfig1 amd64 2.13.1-4.2ubuntu5 [131 kB]
Get:43 http://archive.ubuntu.com/ubuntu jammy/main amd64 libjpeg-turbo8 amd64 2.1.2-0ubuntu1 [134 kB]
Get:44 http://archive.ubuntu.com/ubuntu jammy/main amd64 libjpeg8 amd64 8c-2ubuntu10 [2264 B]
Get:45 http://archive.ubuntu.com/ubuntu jammy/main amd64 libdeflate0 amd64 1.10-2 [70.9 kB]
Get:46 http://archive.ubuntu.com/ubuntu jammy-updates/main amd64 libjbig0 amd64 2.1-3.1ubuntu0.22.04.1 [29.2 kB]
Get:47 http://archive.ubuntu.com/ubuntu jammy-updates/main amd64 libwebp7 amd64 1.2.2-2ubuntu0.22.04.2 [206 kB]
Get:48 http://archive.ubuntu.com/ubuntu jammy-updates/main amd64 libtiff5 amd64 4.3.0-6ubuntu0.13 [185 kB]
Get:49 http://archive.ubuntu.com/ubuntu jammy-updates/main amd64 libxpm4 amd64 1:3.5.12-1ubuntu0.22.04.4 [36.5 kB]
Get:50 http://archive.ubuntu.com/ubuntu jammy-updates/main amd64 libgd3 amd64 2.3.0-2ubuntu2.3 [129 kB]
Get:51 http://archive.ubuntu.com/ubuntu jammy-updates/main amd64 libc-devtools amd64 2.35-0ubuntu3.15 [29.0 kB]
Get:52 http://archive.ubuntu.com/ubuntu jammy-updates/main amd64 libexpat1-dev amd64 2.4.7-1ubuntu0.9 [151 kB]
Get:53 http://archive.ubuntu.com/ubuntu jammy/main amd64 libfile-fcntllock-perl amd64 0.22-3build7 [33.9 kB]
Get:54 http://archive.ubuntu.com/ubuntu jammy/main amd64 libjs-jquery all 3.6.0+dfsg+~3.5.13-1 [321 kB]
Get:55 http://archive.ubuntu.com/ubuntu jammy/main amd64 libjs-underscore all 1.13.2~dfsg-2 [118 kB]
Get:56 http://archive.ubuntu.com/ubuntu jammy/main amd64 libjs-sphinxdoc all 4.3.2-1 [139 kB]
Get:57 http://archive.ubuntu.com/ubuntu jammy-updates/main amd64 zlib1g-dev amd64 1:1.2.11.dfsg-2ubuntu9.2 [164 kB]
Get:58 http://archive.ubuntu.com/ubuntu jammy-updates/main amd64 libpython3.10-dev amd64 3.10.12-1~22.04.18 [4765 kB]
Get:59 http://archive.ubuntu.com/ubuntu jammy-updates/main amd64 libpython3-dev amd64 3.10.6-1~22.04.1 [7064 B]
Get:60 http://archive.ubuntu.com/ubuntu jammy-updates/main amd64 libsqlite3-dev amd64 3.37.2-2ubuntu0.8 [847 kB]
Get:61 http://archive.ubuntu.com/ubuntu jammy/main amd64 manpages-dev all 5.10-1ubuntu1 [2309 kB]
Get:62 http://archive.ubuntu.com/ubuntu jammy-updates/main amd64 python3.10-dev amd64 3.10.12-1~22.04.18 [508 kB]
Get:63 http://archive.ubuntu.com/ubuntu jammy-updates/main amd64 python3-dev amd64 3.10.6-1~22.04.1 [26.0 kB]
Get:64 http://archive.ubuntu.com/ubuntu jammy-updates/universe amd64 python3-wheel all 0.37.1-2ubuntu0.22.04.1 [32.0 kB]
Get:65 http://archive.ubuntu.com/ubuntu jammy-updates/universe amd64 python3-pip all 22.0.2+dfsg-1ubuntu0.7 [1306 kB]
Fetched 72.4 MB in 7s (10.7 MB/s)
Selecting previously unselected package libc-dev-bin.
(Reading database ... 
(Reading database ... 5%
(Reading database ... 10%
(Reading database ... 15%
(Reading database ... 20%
(Reading database ... 25%
(Reading database ... 30%
(Reading database ... 35%
(Reading database ... 40%
(Reading database ... 45%
(Reading database ... 50%
(Reading database ... 55%
(Reading database ... 60%
(Reading database ... 65%
(Reading database ... 70%
(Reading database ... 75%
(Reading database ... 80%
(Reading database ... 85%
(Reading database ... 90%
(Reading database ... 95%
(Reading database ... 100%
(Reading database ... 64626 files and directories currently installed.)
Preparing to unpack .../00-libc-dev-bin_2.35-0ubuntu3.15_amd64.deb ...
Unpacking libc-dev-bin (2.35-0ubuntu3.15) ...
Selecting previously unselected package linux-libc-dev:amd64.
Preparing to unpack .../01-linux-libc-dev_5.15.0-198.208_amd64.deb ...
Unpacking linux-libc-dev:amd64 (5.15.0-198.208) ...
Selecting previously unselected package libcrypt-dev:amd64.
Preparing to unpack .../02-libcrypt-dev_1%3a4.4.27-1_amd64.deb ...
Unpacking libcrypt-dev:amd64 (1:4.4.27-1) ...
Selecting previously unselected package rpcsvc-proto.
Preparing to unpack .../03-rpcsvc-proto_1.4.2-0ubuntu6_amd64.deb ...
Unpacking rpcsvc-proto (1.4.2-0ubuntu6) ...
Selecting previously unselected package libtirpc-dev:amd64.
Preparing to unpack .../04-libtirpc-dev_1.3.2-2ubuntu0.1_amd64.deb ...
Unpacking libtirpc-dev:amd64 (1.3.2-2ubuntu0.1) ...
Selecting previously unselected package libnsl-dev:amd64.
Preparing to unpack .../05-libnsl-dev_1.3.0-2build2_amd64.deb ...
Unpacking libnsl-dev:amd64 (1.3.0-2build2) ...
Selecting previously unselected package libc6-dev:amd64.
Preparing to unpack .../06-libc6-dev_2.35-0ubuntu3.15_amd64.deb ...
Unpacking libc6-dev:amd64 (2.35-0ubuntu3.15) ...
Selecting previously unselected package gcc-11-base:amd64.
Preparing to unpack .../07-gcc-11-base_11.4.0-1ubuntu1~22.04.3_amd64.deb ...
Unpacking gcc-11-base:amd64 (11.4.0-1ubuntu1~22.04.3) ...
Selecting previously unselected package libisl23:amd64.
Preparing to unpack .../08-libisl23_0.24-2build1_amd64.deb ...
Unpacking libisl23:amd64 (0.24-2build1) ...
Selecting previously unselected package libmpc3:amd64.
Preparing to unpack .../09-libmpc3_1.2.1-2build1_amd64.deb ...
Unpacking libmpc3:amd64 (1.2.1-2build1) ...
Selecting previously unselected package cpp-11.
Preparing to unpack .../10-cpp-11_11.4.0-1ubuntu1~22.04.3_amd64.deb ...
Unpacking cpp-11 (11.4.0-1ubuntu1~22.04.3) ...
Selecting previously unselected package cpp.
Preparing to unpack .../11-cpp_4%3a11.2.0-1ubuntu1_amd64.deb ...
Unpacking cpp (4:11.2.0-1ubuntu1) ...
Selecting previously unselected package libcc1-0:amd64.
Preparing to unpack .../12-libcc1-0_12.3.0-1ubuntu1~22.04.3_amd64.deb ...
Unpacking libcc1-0:amd64 (12.3.0-1ubuntu1~22.04.3) ...
Selecting previously unselected package libgomp1:amd64.
Preparing to unpack .../13-libgomp1_12.3.0-1ubuntu1~22.04.3_amd64.deb ...
Unpacking libgomp1:amd64 (12.3.0-1ubuntu1~22.04.3) ...
Selecting previously unselected package libitm1:amd64.
Preparing to unpack .../14-libitm1_12.3.0-1ubuntu1~22.04.3_amd64.deb ...
Unpacking libitm1:amd64 (12.3.0-1ubuntu1~22.04.3) ...
Selecting previously unselected package libatomic1:amd64.
Preparing to unpack .../15-libatomic1_12.3.0-1ubuntu1~22.04.3_amd64.deb ...
Unpacking libatomic1:amd64 (12.3.0-1ubuntu1~22.04.3) ...
Selecting previously unselected package libasan6:amd64.
Preparing to unpack .../16-libasan6_11.4.0-1ubuntu1~22.04.3_amd64.deb ...
Unpacking libasan6:amd64 (11.4.0-1ubuntu1~22.04.3) ...
Selecting previously unselected package liblsan0:amd64.
Preparing to unpack .../17-liblsan0_12.3.0-1ubuntu1~22.04.3_amd64.deb ...
Unpacking liblsan0:amd64 (12.3.0-1ubuntu1~22.04.3) ...
Selecting previously unselected package libtsan0:amd64.
Preparing to unpack .../18-libtsan0_11.4.0-1ubuntu1~22.04.3_amd64.deb ...
Unpacking libtsan0:amd64 (11.4.0-1ubuntu1~22.04.3) ...
Selecting previously unselected package libubsan1:amd64.
Preparing to unpack .../19-libubsan1_12.3.0-1ubuntu1~22.04.3_amd64.deb ...
Unpacking libubsan1:amd64 (12.3.0-1ubuntu1~22.04.3) ...
Selecting previously unselected package libquadmath0:amd64.
Preparing to unpack .../20-libquadmath0_12.3.0-1ubuntu1~22.04.3_amd64.deb ...
Unpacking libquadmath0:amd64 (12.3.0-1ubuntu1~22.04.3) ...
Selecting previously unselected package libgcc-11-dev:amd64.
Preparing to unpack .../21-libgcc-11-dev_11.4.0-1ubuntu1~22.04.3_amd64.deb ...
Unpacking libgcc-11-dev:amd64 (11.4.0-1ubuntu1~22.04.3) ...
Selecting previously unselected package gcc-11.
Preparing to unpack .../22-gcc-11_11.4.0-1ubuntu1~22.04.3_amd64.deb ...
Unpacking gcc-11 (11.4.0-1ubuntu1~22.04.3) ...
Selecting previously unselected package gcc.
Preparing to unpack .../23-gcc_4%3a11.2.0-1ubuntu1_amd64.deb ...
Unpacking gcc (4:11.2.0-1ubuntu1) ...
Selecting previously unselected package libstdc++-11-dev:amd64.
Preparing to unpack .../24-libstdc++-11-dev_11.4.0-1ubuntu1~22.04.3_amd64.deb ...
Unpacking libstdc++-11-dev:amd64 (11.4.0-1ubuntu1~22.04.3) ...
Selecting previously unselected package g++-11.
Preparing to unpack .../25-g++-11_11.4.0-1ubuntu1~22.04.3_amd64.deb ...
Unpacking g++-11 (11.4.0-1ubuntu1~22.04.3) ...
Selecting previously unselected package g++.
Preparing to unpack .../26-g++_4%3a11.2.0-1ubuntu1_amd64.deb ...
Unpacking g++ (4:11.2.0-1ubuntu1) ...
Selecting previously unselected package make.
Preparing to unpack .../27-make_4.3-4.1build1_amd64.deb ...
Unpacking make (4.3-4.1build1) ...
Selecting previously unselected package libdpkg-perl.
Preparing to unpack .../28-libdpkg-perl_1.21.1ubuntu2.6_all.deb ...
Unpacking libdpkg-perl (1.21.1ubuntu2.6) ...
Selecting previously unselected package bzip2.
Preparing to unpack .../29-bzip2_1.0.8-5ubuntu0.1_amd64.deb ...
Unpacking bzip2 (1.0.8-5ubuntu0.1) ...
Selecting previously unselected package lto-disabled-list.
Preparing to unpack .../30-lto-disabled-list_24_all.deb ...
Unpacking lto-disabled-list (24) ...
Selecting previously unselected package dpkg-dev.
Preparing to unpack .../31-dpkg-dev_1.21.1ubuntu2.6_all.deb ...
Unpacking dpkg-dev (1.21.1ubuntu2.6) ...
Selecting previously unselected package build-essential.
Preparing to unpack .../32-build-essential_12.9ubuntu3_amd64.deb ...
Unpacking build-essential (12.9ubuntu3) ...
Selecting previously unselected package libfakeroot:amd64.
Preparing to unpack .../33-libfakeroot_1.28-1ubuntu1_amd64.deb ...
Unpacking libfakeroot:amd64 (1.28-1ubuntu1) ...
Selecting previously unselected package fakeroot.
Preparing to unpack .../34-fakeroot_1.28-1ubuntu1_amd64.deb ...
Unpacking fakeroot (1.28-1ubuntu1) ...
Selecting previously unselected package fonts-dejavu-core.
Preparing to unpack .../35-fonts-dejavu-core_2.37-2build1_all.deb ...
Unpacking fonts-dejavu-core (2.37-2build1) ...
Selecting previously unselected package fontconfig-config.
Preparing to unpack .../36-fontconfig-config_2.13.1-4.2ubuntu5_all.deb ...
Unpacking fontconfig-config (2.13.1-4.2ubuntu5) ...
Selecting previously unselected package javascript-common.
Preparing to unpack .../37-javascript-common_11+nmu1_all.deb ...
Unpacking javascript-common (11+nmu1) ...
Selecting previously unselected package libalgorithm-diff-perl.
Preparing to unpack .../38-libalgorithm-diff-perl_1.201-1_all.deb ...
Unpacking libalgorithm-diff-perl (1.201-1) ...
Selecting previously unselected package libalgorithm-diff-xs-perl.
Preparing to unpack .../39-libalgorithm-diff-xs-perl_0.04-6build3_amd64.deb ...
Unpacking libalgorithm-diff-xs-perl (0.04-6build3) ...
Selecting previously unselected package libalgorithm-merge-perl.
Preparing to unpack .../40-libalgorithm-merge-perl_0.08-3_all.deb ...
Unpacking libalgorithm-merge-perl (0.08-3) ...
Selecting previously unselected package libfontconfig1:amd64.
Preparing to unpack .../41-libfontconfig1_2.13.1-4.2ubuntu5_amd64.deb ...
Unpacking libfontconfig1:amd64 (2.13.1-4.2ubuntu5) ...
Selecting previously unselected package libjpeg-turbo8:amd64.
Preparing to unpack .../42-libjpeg-turbo8_2.1.2-0ubuntu1_amd64.deb ...
Unpacking libjpeg-turbo8:amd64 (2.1.2-0ubuntu1) ...
Selecting previously unselected package libjpeg8:amd64.
Preparing to unpack .../43-libjpeg8_8c-2ubuntu10_amd64.deb ...
Unpacking libjpeg8:amd64 (8c-2ubuntu10) ...
Selecting previously unselected package libdeflate0:amd64.
Preparing to unpack .../44-libdeflate0_1.10-2_amd64.deb ...
Unpacking libdeflate0:amd64 (1.10-2) ...
Selecting previously unselected package libjbig0:amd64.
Preparing to unpack .../45-libjbig0_2.1-3.1ubuntu0.22.04.1_amd64.deb ...
Unpacking libjbig0:amd64 (2.1-3.1ubuntu0.22.04.1) ...
Selecting previously unselected package libwebp7:amd64.
Preparing to unpack .../46-libwebp7_1.2.2-2ubuntu0.22.04.2_amd64.deb ...
Unpacking libwebp7:amd64 (1.2.2-2ubuntu0.22.04.2) ...
Selecting previously unselected package libtiff5:amd64.
Preparing to unpack .../47-libtiff5_4.3.0-6ubuntu0.13_amd64.deb ...
Unpacking libtiff5:amd64 (4.3.0-6ubuntu0.13) ...
Selecting previously unselected package libxpm4:amd64.
Preparing to unpack .../48-libxpm4_1%3a3.5.12-1ubuntu0.22.04.4_amd64.deb ...
Unpacking libxpm4:amd64 (1:3.5.12-1ubuntu0.22.04.4) ...
Selecting previously unselected package libgd3:amd64.
Preparing to unpack .../49-libgd3_2.3.0-2ubuntu2.3_amd64.deb ...
Unpacking libgd3:amd64 (2.3.0-2ubuntu2.3) ...
Selecting previously unselected package libc-devtools.
Preparing to unpack .../50-libc-devtools_2.35-0ubuntu3.15_amd64.deb ...
Unpacking libc-devtools (2.35-0ubuntu3.15) ...
Selecting previously unselected package libexpat1-dev:amd64.
Preparing to unpack .../51-libexpat1-dev_2.4.7-1ubuntu0.9_amd64.deb ...
Unpacking libexpat1-dev:amd64 (2.4.7-1ubuntu0.9) ...
Selecting previously unselected package libfile-fcntllock-perl.
Preparing to unpack .../52-libfile-fcntllock-perl_0.22-3build7_amd64.deb ...
Unpacking libfile-fcntllock-perl (0.22-3build7) ...
Selecting previously unselected package libjs-jquery.
Preparing to unpack .../53-libjs-jquery_3.6.0+dfsg+~3.5.13-1_all.deb ...
Unpacking libjs-jquery (3.6.0+dfsg+~3.5.13-1) ...
Selecting previously unselected package libjs-underscore.
Preparing to unpack .../54-libjs-underscore_1.13.2~dfsg-2_all.deb ...
Unpacking libjs-underscore (1.13.2~dfsg-2) ...
Selecting previously unselected package libjs-sphinxdoc.
Preparing to unpack .../55-libjs-sphinxdoc_4.3.2-1_all.deb ...
Unpacking libjs-sphinxdoc (4.3.2-1) ...
Selecting previously unselected package zlib1g-dev:amd64.
Preparing to unpack .../56-zlib1g-dev_1%3a1.2.11.dfsg-2ubuntu9.2_amd64.deb ...
Unpacking zlib1g-dev:amd64 (1:1.2.11.dfsg-2ubuntu9.2) ...
Selecting previously unselected package libpython3.10-dev:amd64.
Preparing to unpack .../57-libpython3.10-dev_3.10.12-1~22.04.18_amd64.deb ...
Unpacking libpython3.10-dev:amd64 (3.10.12-1~22.04.18) ...
Selecting previously unselected package libpython3-dev:amd64.
Preparing to unpack .../58-libpython3-dev_3.10.6-1~22.04.1_amd64.deb ...
Unpacking libpython3-dev:amd64 (3.10.6-1~22.04.1) ...
Selecting previously unselected package libsqlite3-dev:amd64.
Preparing to unpack .../59-libsqlite3-dev_3.37.2-2ubuntu0.8_amd64.deb ...
Unpacking libsqlite3-dev:amd64 (3.37.2-2ubuntu0.8) ...
Selecting previously unselected package manpages-dev.
Preparing to unpack .../60-manpages-dev_5.10-1ubuntu1_all.deb ...
Unpacking manpages-dev (5.10-1ubuntu1) ...
Selecting previously unselected package python3.10-dev.
Preparing to unpack .../61-python3.10-dev_3.10.12-1~22.04.18_amd64.deb ...
Unpacking python3.10-dev (3.10.12-1~22.04.18) ...
Selecting previously unselected package python3-dev.
Preparing to unpack .../62-python3-dev_3.10.6-1~22.04.1_amd64.deb ...
Unpacking python3-dev (3.10.6-1~22.04.1) ...
Selecting previously unselected package python3-wheel.
Preparing to unpack .../63-python3-wheel_0.37.1-2ubuntu0.22.04.1_all.deb ...
Unpacking python3-wheel (0.37.1-2ubuntu0.22.04.1) ...
Selecting previously unselected package python3-pip.
Preparing to unpack .../64-python3-pip_22.0.2+dfsg-1ubuntu0.7_all.deb ...
Unpacking python3-pip (22.0.2+dfsg-1ubuntu0.7) ...
Setting up javascript-common (11+nmu1) ...
Setting up gcc-11-base:amd64 (11.4.0-1ubuntu1~22.04.3) ...
Setting up manpages-dev (5.10-1ubuntu1) ...
Setting up lto-disabled-list (24) ...
Setting up libxpm4:amd64 (1:3.5.12-1ubuntu0.22.04.4) ...
Setting up libfile-fcntllock-perl (0.22-3build7) ...
Setting up libalgorithm-diff-perl (1.201-1) ...
Setting up libdeflate0:amd64 (1.10-2) ...
Setting up linux-libc-dev:amd64 (5.15.0-198.208) ...
Setting up libgomp1:amd64 (12.3.0-1ubuntu1~22.04.3) ...
Setting up bzip2 (1.0.8-5ubuntu0.1) ...
Setting up python3-wheel (0.37.1-2ubuntu0.22.04.1) ...
Setting up libjbig0:amd64 (2.1-3.1ubuntu0.22.04.1) ...
Setting up libfakeroot:amd64 (1.28-1ubuntu1) ...
Setting up libasan6:amd64 (11.4.0-1ubuntu1~22.04.3) ...
Setting up fakeroot (1.28-1ubuntu1) ...
update-alternatives: using /usr/bin/fakeroot-sysv to provide /usr/bin/fakeroot (fakeroot) in auto mode
Setting up libtirpc-dev:amd64 (1.3.2-2ubuntu0.1) ...
Setting up rpcsvc-proto (1.4.2-0ubuntu6) ...
Setting up make (4.3-4.1build1) ...
Setting up libquadmath0:amd64 (12.3.0-1ubuntu1~22.04.3) ...
Setting up libmpc3:amd64 (1.2.1-2build1) ...
Setting up libatomic1:amd64 (12.3.0-1ubuntu1~22.04.3) ...
Setting up fonts-dejavu-core (2.37-2build1) ...
Setting up python3-pip (22.0.2+dfsg-1ubuntu0.7) ...
Setting up libjpeg-turbo8:amd64 (2.1.2-0ubuntu1) ...
Setting up libdpkg-perl (1.21.1ubuntu2.6) ...
Setting up libwebp7:amd64 (1.2.2-2ubuntu0.22.04.2) ...
Setting up libubsan1:amd64 (12.3.0-1ubuntu1~22.04.3) ...
Setting up libnsl-dev:amd64 (1.3.0-2build2) ...
Setting up libcrypt-dev:amd64 (1:4.4.27-1) ...
Setting up libjs-jquery (3.6.0+dfsg+~3.5.13-1) ...
Setting up libisl23:amd64 (0.24-2build1) ...
Setting up libc-dev-bin (2.35-0ubuntu3.15) ...
Setting up libalgorithm-diff-xs-perl (0.04-6build3) ...
Setting up libcc1-0:amd64 (12.3.0-1ubuntu1~22.04.3) ...
Setting up liblsan0:amd64 (12.3.0-1ubuntu1~22.04.3) ...
Setting up libitm1:amd64 (12.3.0-1ubuntu1~22.04.3) ...
Setting up libjs-underscore (1.13.2~dfsg-2) ...
Setting up libalgorithm-merge-perl (0.08-3) ...
Setting up libtsan0:amd64 (11.4.0-1ubuntu1~22.04.3) ...
Setting up libjpeg8:amd64 (8c-2ubuntu10) ...
Setting up cpp-11 (11.4.0-1ubuntu1~22.04.3) ...
Setting up fontconfig-config (2.13.1-4.2ubuntu5) ...
Setting up dpkg-dev (1.21.1ubuntu2.6) ...
Setting up libjs-sphinxdoc (4.3.2-1) ...
Setting up libgcc-11-dev:amd64 (11.4.0-1ubuntu1~22.04.3) ...
Setting up gcc-11 (11.4.0-1ubuntu1~22.04.3) ...
Setting up cpp (4:11.2.0-1ubuntu1) ...
Setting up libc6-dev:amd64 (2.35-0ubuntu3.15) ...
Setting up libtiff5:amd64 (4.3.0-6ubuntu0.13) ...
Setting up libfontconfig1:amd64 (2.13.1-4.2ubuntu5) ...
Setting up gcc (4:11.2.0-1ubuntu1) ...
Setting up libexpat1-dev:amd64 (2.4.7-1ubuntu0.9) ...
Setting up libsqlite3-dev:amd64 (3.37.2-2ubuntu0.8) ...
Setting up libgd3:amd64 (2.3.0-2ubuntu2.3) ...
Setting up libstdc++-11-dev:amd64 (11.4.0-1ubuntu1~22.04.3) ...
Setting up zlib1g-dev:amd64 (1:1.2.11.dfsg-2ubuntu9.2) ...
Setting up libc-devtools (2.35-0ubuntu3.15) ...
Setting up g++-11 (11.4.0-1ubuntu1~22.04.3) ...
Setting up libpython3.10-dev:amd64 (3.10.12-1~22.04.18) ...
Setting up python3.10-dev (3.10.12-1~22.04.18) ...
Setting up g++ (4:11.2.0-1ubuntu1) ...
update-alternatives: using /usr/bin/g++ to provide /usr/bin/c++ (c++) in auto mode
Setting up build-essential (12.9ubuntu3) ...
Setting up libpython3-dev:amd64 (3.10.6-1~22.04.1) ...
Setting up python3-dev (3.10.6-1~22.04.1) ...
Processing triggers for man-db (2.10.2-1) ...
Processing triggers for libc-bin (2.35-0ubuntu3.15) ...

Running kernel seems to be up-to-date.

No services need to be restarted.

No containers need to be restarted.

No user sessions are running outdated binaries.

No VM guests are running outdated hypervisor (qemu) binaries on this host.
+ python3 -m pip install reprozip==1.3.2 reprounzip==1.3.2
Collecting reprozip==1.3.2
  Downloading reprozip-1.3.2-cp310-cp310-manylinux2014_x86_64.manylinux_2_17_x86_64.whl (522 kB)
     ━━━━━━━━━━━━━━━━━━━━━━━━━━━━━━━━━━━━━ 522.3/522.3 KB 967.2 kB/s eta 0:00:00
Collecting reprounzip==1.3.2
  Downloading reprounzip-1.3.2-py2.py3-none-any.whl (66 kB)
     ━━━━━━━━━━━━━━━━━━━━━━━━━━━━━━━━━━━━━━━━ 66.1/66.1 KB 2.2 MB/s eta 0:00:00
Requirement already satisfied: PyYAML in /usr/lib/python3/dist-packages (from reprozip==1.3.2) (5.4.1)
Requirement already satisfied: distro in /usr/lib/python3/dist-packages (from reprozip==1.3.2) (1.7.0)
Collecting usagestats>=0.3
  Downloading usagestats-1.0.1-py2.py3-none-any.whl (10 kB)
Requirement already satisfied: requests in /usr/lib/python3/dist-packages (from reprozip==1.3.2) (2.25.1)
Collecting rpaths>=0.8
  Downloading rpaths-1.0.0-py2.py3-none-any.whl (12 kB)
Requirement already satisfied: importlib-metadata in /usr/lib/python3/dist-packages (from reprozip==1.3.2) (4.6.4)
Collecting pyelftools
  Downloading pyelftools-0.33-py3-none-any.whl (201 kB)
     ━━━━━━━━━━━━━━━━━━━━━━━━━━━━━━━━━━━━━━━ 201.2/201.2 KB 2.4 MB/s eta 0:00:00
Installing collected packages: rpaths, usagestats, pyelftools, reprozip, reprounzip
Successfully installed pyelftools-0.33 reprounzip-1.3.2 reprozip-1.3.2 rpaths-1.0.0 usagestats-1.0.1
WARNING: Running pip as the 'root' user can result in broken permissions and conflicting behaviour with the system package manager. It is recommended to use a virtual environment instead: https://pip.pypa.io/warnings/venv
+ mkdir -p /root/experiment
+ cd /root/experiment
+ printf 'reprozip on modal qemu\n'
+ cat
+ uname -a
Linux reprozip-qemu 5.15.0-194-generic #204-Ubuntu SMP Wed Sep 2 13:09:23 UTC 2026 x86_64 x86_64 x86_64 GNU/Linux
+ reprozip --version
reprozip version 1.3.2
+ reprounzip --version
reprounzip version 1.3.2
+ reprozip trace --overwrite /usr/bin/python3 workload.py
REPROZIP ON MODAL QEMU
CHILD PROCESS OK

Uploading usage statistics is currently disabled
Please help us by providing anonymous usage statistics; you can enable this
by running:
    reprozip usage_report --enable
If you do not want to see this message again, you can run:
    reprozip usage_report --disable
Nothing will be uploaded before you opt in.
Configuration file written in .reprozip-trace/config.yml
Edit that file then run the packer -- use 'reprozip pack -h' for help
+ cp output.txt expected.txt
+ reprozip pack experiment.rpz

Uploading usage statistics is currently disabled
Please help us by providing anonymous usage statistics; you can enable this
by running:
    reprozip usage_report --enable
If you do not want to see this message again, you can run:
    reprozip usage_report --disable
Nothing will be uploaded before you opt in.
+ reprounzip info experiment.rpz

Uploading usage statistics is currently disabled
Please help us by providing anonymous usage statistics; you can enable this
by running:
    reprounzip usage_report --enable
If you do not want to see this message again, you can run:
    reprounzip usage_report --disable
Nothing will be uploaded before you opt in.
Pack file: experiment.rpz

----- Pack information -----
Compressed size: 5.33 MB

----- Metadata -----
Total software packages: 10
Packed software packages: 10
Architecture: x86_64 (current: x86_64)
Distribution: ubuntu 22.04 (current: ubuntu 22.04)
Runs (1):
    /usr/bin/python3 workload.py
Inputs/outputs files (2): input.txt, output.txt

----- Unpackers -----
Compatible (5):
    chroot
    directory
    graph
    installpkgs
    provviewer
+ reprounzip directory setup experiment.rpz /root/replay

Uploading usage statistics is currently disabled
Please help us by providing anonymous usage statistics; you can enable this
by running:
    reprounzip usage_report --enable
If you do not want to see this message again, you can run:
    reprounzip usage_report --disable
Nothing will be uploaded before you opt in.
+ rm workload.py input.txt output.txt
+ reprounzip directory run /root/replay
[REPROUNZIP] 19:37:52.123 WARNING: Rewrote command-line as: /root/replay/root/usr/bin/python3 workload.py
REPROZIP ON MODAL QEMU
CHILD PROCESS OK

*** Command finished, status: 0

Uploading usage statistics is currently disabled
Please help us by providing anonymous usage statistics; you can enable this
by running:
    reprounzip usage_report --enable
If you do not want to see this message again, you can run:
    reprounzip usage_report --disable
Nothing will be uploaded before you opt in.
+ cmp expected.txt /root/replay/root/root/experiment/output.txt
+ sha256sum expected.txt /root/replay/root/root/experiment/output.txt experiment.rpz
e8c0496d009f7c99acc671be5605e0ac1bfa8ffb8e1df65c845e4674b327ca8b  expected.txt
e8c0496d009f7c99acc671be5605e0ac1bfa8ffb8e1df65c845e4674b327ca8b  /root/replay/root/root/experiment/output.txt
23e7aaa1a5a2866283a9be4e9442282c4b99150b20689710af09d42e20b8bc46  experiment.rpz
+ echo REPLAY_VERIFIED
REPLAY_VERIFIED
