[    0.000000] Linux version 5.15.0-194-generic (buildd@lcy02-amd64-103) (gcc (Ubuntu 11.4.0-1ubuntu1~22.04.3) 11.4.0, GNU ld (GNU Binutils for Ubuntu) 2.38) #204-Ubuntu SMP Wed Sep 2 13:09:23 UTC 2026 (Ubuntu 5.15.0-194.204-generic 5.15.209)
[    0.000000] Command line: BOOT_IMAGE=/boot/vmlinuz-5.15.0-194-generic root=LABEL=cloudimg-rootfs ro console=tty1 console=ttyS0
[    0.000000] KERNEL supported cpus:
[    0.000000]   Intel GenuineIntel
[    0.000000]   AMD AuthenticAMD
[    0.000000]   Hygon HygonGenuine
[    0.000000]   Centaur CentaurHauls
[    0.000000]   zhaoxin   Shanghai  
[    0.000000] BIOS-provided physical RAM map:
[    0.000000] BIOS-e820: [mem 0x0000000000000000-0x000000000009fbff] usable
[    0.000000] BIOS-e820: [mem 0x000000000009fc00-0x000000000009ffff] reserved
[    0.000000] BIOS-e820: [mem 0x00000000000f0000-0x00000000000fffff] reserved
[    0.000000] BIOS-e820: [mem 0x0000000000100000-0x000000007ffd9fff] usable
[    0.000000] BIOS-e820: [mem 0x000000007ffda000-0x000000007fffffff] reserved
[    0.000000] BIOS-e820: [mem 0x00000000fffc0000-0x00000000ffffffff] reserved
[    0.000000] BIOS-e820: [mem 0x000000fd00000000-0x000000ffffffffff] reserved
[    0.000000] NX (Execute Disable) protection: active
[    0.000000] SMBIOS 2.8 present.
[    0.000000] DMI: QEMU Standard PC (i440FX + PIIX, 1996), BIOS 1.16.2-debian-1.16.2-1 04/01/2014
[    0.000000] tsc: Fast TSC calibration using PIT
[    0.000000] tsc: Detected 1846.408 MHz processor
[    0.016054] AGP: No AGP bridge found
[    0.016454] last_pfn = 0x7ffda max_arch_pfn = 0x400000000
[    0.017717] x86/PAT: Configuration [0-7]: WB  WC  UC- UC  WB  WP  UC- WT  
[    0.043471] found SMP MP-table at [mem 0x000f5b90-0x000f5b9f]
[    0.050484] RAMDISK: [mem 0x33f7b000-0x35fb4fff]
[    0.051008] ACPI: Early table checksum verification disabled
[    0.051616] ACPI: RSDP 0x00000000000F59C0 000014 (v00 BOCHS )
[    0.052072] ACPI: RSDT 0x000000007FFE1B33 000034 (v01 BOCHS  BXPC     00000001 BXPC 00000001)
[    0.052897] ACPI: FACP 0x000000007FFE19DF 000074 (v01 BOCHS  BXPC     00000001 BXPC 00000001)
[    0.053796] ACPI: DSDT 0x000000007FFE0040 00199F (v01 BOCHS  BXPC     00000001 BXPC 00000001)
[    0.053953] ACPI: FACS 0x000000007FFE0000 000040
[    0.054054] ACPI: APIC 0x000000007FFE1A53 000080 (v01 BOCHS  BXPC     00000001 BXPC 00000001)
[    0.054113] ACPI: HPET 0x000000007FFE1AD3 000038 (v01 BOCHS  BXPC     00000001 BXPC 00000001)
[    0.054162] ACPI: WAET 0x000000007FFE1B0B 000028 (v01 BOCHS  BXPC     00000001 BXPC 00000001)
[    0.054336] ACPI: Reserving FACP table memory at [mem 0x7ffe19df-0x7ffe1a52]
[    0.054380] ACPI: Reserving DSDT table memory at [mem 0x7ffe0040-0x7ffe19de]
[    0.054399] ACPI: Reserving FACS table memory at [mem 0x7ffe0000-0x7ffe003f]
[    0.054415] ACPI: Reserving APIC table memory at [mem 0x7ffe1a53-0x7ffe1ad2]
[    0.054430] ACPI: Reserving HPET table memory at [mem 0x7ffe1ad3-0x7ffe1b0a]
[    0.054444] ACPI: Reserving WAET table memory at [mem 0x7ffe1b0b-0x7ffe1b32]
[    0.058598] No NUMA configuration found
[    0.058751] Faking a node at [mem 0x0000000000000000-0x000000007ffd9fff]
[    0.059855] NODE_DATA(0) allocated [mem 0x7ffb0000-0x7ffd9fff]
[    0.073563] Zone ranges:
[    0.073736]   DMA      [mem 0x0000000000001000-0x0000000000ffffff]
[    0.073914]   DMA32    [mem 0x0000000001000000-0x000000007ffd9fff]
[    0.073942]   Normal   empty
[    0.073972]   Device   empty
[    0.073997] Movable zone start for each node
[    0.074051] Early memory node ranges
[    0.074091]   node   0: [mem 0x0000000000001000-0x000000000009efff]
[    0.074302]   node   0: [mem 0x0000000000100000-0x000000007ffd9fff]
[    0.074598] Initmem setup node 0 [mem 0x0000000000001000-0x000000007ffd9fff]
[    0.075739] On node 0, zone DMA: 1 pages in unavailable ranges
[    0.076129] On node 0, zone DMA: 97 pages in unavailable ranges
[    0.104619] On node 0, zone DMA32: 38 pages in unavailable ranges
[    0.105368] ACPI: PM-Timer IO Port: 0x608
[    0.107058] ACPI: LAPIC_NMI (acpi_id[0xff] dfl dfl lint[0x1])
[    0.107939] IOAPIC[0]: apic_id 0, version 32, address 0xfec00000, GSI 0-23
[    0.108157] ACPI: INT_SRC_OVR (bus 0 bus_irq 0 global_irq 2 dfl dfl)
[    0.108550] ACPI: INT_SRC_OVR (bus 0 bus_irq 5 global_irq 5 high level)
[    0.108608] ACPI: INT_SRC_OVR (bus 0 bus_irq 9 global_irq 9 high level)
[    0.108731] ACPI: INT_SRC_OVR (bus 0 bus_irq 10 global_irq 10 high level)
[    0.108756] ACPI: INT_SRC_OVR (bus 0 bus_irq 11 global_irq 11 high level)
[    0.109016] ACPI: Using ACPI (MADT) for SMP configuration information
[    0.109091] ACPI: HPET id: 0x8086a201 base: 0xfed00000
[    0.109551] smpboot: Allowing 2 CPUs, 0 hotplug CPUs
[    0.110651] PM: hibernation: Registered nosave memory: [mem 0x00000000-0x00000fff]
[    0.110712] PM: hibernation: Registered nosave memory: [mem 0x0009f000-0x000fffff]
[    0.110859] [mem 0x80000000-0xfffbffff] available for PCI devices
[    0.110909] Booting paravirtualized kernel on bare hardware
[    0.111328] clocksource: refined-jiffies: mask: 0xffffffff max_cycles: 0xffffffff, max_idle_ns: 7645519600211568 ns
[    0.112040] setup_percpu: NR_CPUS:8192 nr_cpumask_bits:2 nr_cpu_ids:2 nr_node_ids:1
[    0.121404] percpu: Embedded 62 pages/cpu s217088 r8192 d28672 u1048576
[    0.124374] Built 1 zonelists, mobility grouping on.  Total pages: 515802
[    0.124422] Policy zone: DMA32
[    0.124641] Kernel command line: BOOT_IMAGE=/boot/vmlinuz-5.15.0-194-generic root=LABEL=cloudimg-rootfs ro console=tty1 console=ttyS0
[    0.133017] Dentry cache hash table entries: 262144 (order: 9, 2097152 bytes, linear)
[    0.202615] Inode-cache hash table entries: 131072 (order: 8, 1048576 bytes, linear)
[    0.205317] mem auto-init: stack:off, heap alloc:on, heap free:off
[    0.205666] AGP: Checking aperture...
[    0.207331] AGP: No AGP bridge found
[    0.227042] Memory: 1968740K/2096608K available (16393K kernel code, 4402K rwdata, 11004K rodata, 3292K init, 18768K bss, 127608K reserved, 0K cma-reserved)
[    0.235084] SLUB: HWalign=64, Order=0-3, MinObjects=0, CPUs=2, Nodes=1
[    0.239240] ftrace: allocating 50910 entries in 199 pages
[    0.366019] ftrace: allocated 199 pages with 5 groups
[    0.377732] rcu: Hierarchical RCU implementation.
[    0.377837] rcu: 	RCU restricting CPUs from NR_CPUS=8192 to nr_cpu_ids=2.
[    0.377971] 	Rude variant of Tasks RCU enabled.
[    0.377989] 	Tracing variant of Tasks RCU enabled.
[    0.378115] rcu: RCU calculated value of scheduler-enlistment delay is 25 jiffies.
[    0.378163] rcu: Adjusting geometry for rcu_fanout_leaf=16, nr_cpu_ids=2
[    0.420825] NR_IRQS: 524544, nr_irqs: 440, preallocated irqs: 16
[    0.435185] Console: colour VGA+ 80x25
[    0.439448] printk: console [tty1] enabled
[    0.493049] printk: console [ttyS0] enabled
[    0.495080] ACPI: Core revision 20210730
[    0.503635] clocksource: hpet: mask: 0xffffffff max_cycles: 0xffffffff, max_idle_ns: 19112604467 ns
[    0.511734] APIC: Switch to symmetric I/O mode setup
[    0.520721] ..TIMER: vector=0x30 apic1=0 pin1=2 apic2=-1 pin2=-1
[    0.540837] tsc: Marking TSC unstable due to TSCs unsynchronized
[    0.543225] Calibrating delay loop (skipped), value calculated using timer frequency.. 3692.81 BogoMIPS (lpj=7385632)
[    0.549596] process: using AMD E400 aware idle routine
[    0.551203] Last level iTLB entries: 4KB 512, 2MB 255, 4MB 127
[    0.551882] Last level dTLB entries: 4KB 512, 2MB 255, 4MB 127, 1GB 0
[    0.552930] Spectre V1 : Mitigation: usercopy/swapgs barriers and __user pointer sanitization
[    0.554959] Spectre V2 : Mitigation: Retpolines
[    0.555386] Spectre V2 : Spectre v2 / SpectreRSB: Filling RSB on context switch and VMEXIT
[    0.557482] x86/fpu: x87 FPU will use FXSAVE
[    0.816782] Freeing SMP alternatives memory: 44K
[    0.819156] pid_max: default: 32768 minimum: 301
[    0.828203] LSM: Security Framework initializing
[    0.830865] landlock: Up and running.
[    0.832472] Yama: becoming mindful.
[    0.839295] AppArmor: AppArmor initialized
[    0.846757] Mount-cache hash table entries: 4096 (order: 3, 32768 bytes, linear)
[    0.849540] Mountpoint-cache hash table entries: 4096 (order: 3, 32768 bytes, linear)
[    0.996425] smpboot: CPU0: AMD QEMU Virtual CPU version 2.5+ (family: 0xf, model: 0x6b, stepping: 0x1)
[    1.007732] Performance Events: PMU not available due to virtualization, using software events only.
[    1.010361] signal: max sigframe size: 1440
[    1.011890] rcu: Hierarchical SRCU implementation.
[    1.021260] NMI watchdog: Perf NMI watchdog permanently disabled
[    1.027267] smp: Bringing up secondary CPUs ...
[    1.037033] x86: Booting SMP configuration:
[    1.039170] .... node  #0, CPUs:      #1
[    0.085709] calibrate_delay_direct() dropping max bogoMips estimate 3 = 8614361
[    0.085709] calibrate_delay_direct() dropping max bogoMips estimate 0 = 8343987
[    1.140746] smp: Brought up 1 node, 2 CPUs
[    1.141377] smpboot: Max logical packages: 1
[    1.141935] smpboot: Total of 2 processors activated (7408.65 BogoMIPS)
[    1.163682] devtmpfs: initialized
[    1.170944] x86/mm: Memory block size: 128MB
[    1.183406] clocksource: jiffies: mask: 0xffffffff max_cycles: 0xffffffff, max_idle_ns: 7645041785100000 ns
[    1.185126] futex hash table entries: 512 (order: 3, 32768 bytes, linear)
[    1.191896] pinctrl core: initialized pinctrl subsystem
[    1.201662] PM: RTC time: 19:26:30, date: 2026-10-01
[    1.213139] NET: Registered PF_NETLINK/PF_ROUTE protocol family
[    1.220524] DMA: preallocated 256 KiB GFP_KERNEL pool for atomic allocations
[    1.223159] DMA: preallocated 256 KiB GFP_KERNEL|GFP_DMA pool for atomic allocations
[    1.224171] DMA: preallocated 256 KiB GFP_KERNEL|GFP_DMA32 pool for atomic allocations
[    1.225207] audit: initializing netlink subsys (disabled)
[    1.228068] audit: type=2000 audit(1790882789.716:1): state=initialized audit_enabled=0 res=1
[    1.237575] thermal_sys: Registered thermal governor 'fair_share'
[    1.237645] thermal_sys: Registered thermal governor 'bang_bang'
[    1.238707] thermal_sys: Registered thermal governor 'step_wise'
[    1.239358] thermal_sys: Registered thermal governor 'user_space'
[    1.239960] thermal_sys: Registered thermal governor 'power_allocator'
[    1.243799] cpuidle: using governor ladder
[    1.244137] cpuidle: using governor menu
[    1.247866] ACPI: bus type PCI registered
[    1.248688] acpiphp: ACPI Hot Plug PCI Controller Driver version: 0.5
[    1.252898] PCI: Using configuration type 1 for base access
[    1.258791] mtrr: your CPUs had inconsistent fixed MTRR settings
[    1.259788] mtrr: your CPUs had inconsistent variable MTRR settings
[    1.260464] mtrr: your CPUs had inconsistent MTRRdefType settings
[    1.261098] mtrr: probably your BIOS does not setup all CPUs.
[    1.261693] mtrr: corrected configuration.
[    1.279786] kprobes: kprobe jump-optimization is enabled. All kprobes are optimized if possible.
[    1.288494] HugeTLB registered 2.00 MiB page size, pre-allocated 0 pages
[    1.339825] ACPI: Added _OSI(Module Device)
[    1.340335] ACPI: Added _OSI(Processor Device)
[    1.340809] ACPI: Added _OSI(Processor Aggregator Device)
[    1.341411] ACPI: Added _OSI(Linux-Dell-Video)
[    1.341886] ACPI: Added _OSI(Linux-Lenovo-NV-HDMI-Audio)
[    1.342400] ACPI: Added _OSI(Linux-HPI-Hybrid-Graphics)
[    1.369951] ACPI: 1 ACPI AML tables successfully acquired and loaded
[    1.397760] ACPI: Interpreter enabled
[    1.399754] ACPI: PM: (supports S0 S3 S4 S5)
[    1.400253] ACPI: Using IOAPIC for interrupt routing
[    1.401500] PCI: Using host bridge windows from ACPI; if necessary, use "pci=nocrs" and report a bug
[    1.402775] PCI: Using E820 reservations for host bridge windows
[    1.405699] ACPI: Enabled 2 GPEs in block 00 to 0F
[    1.460382] ACPI: PCI Root Bridge [PCI0] (domain 0000 [bus 00-ff])
[    1.463457] acpi PNP0A03:00: _OSC: OS supports [ASPM ClockPM Segments MSI EDR HPX-Type3]
[    1.465294] acpi PNP0A03:00: fail to add MMCONFIG information, can't access extended PCI configuration space under this bridge.
[    1.475248] acpiphp: Slot [3] registered
[    1.477180] acpiphp: Slot [4] registered
[    1.478735] acpiphp: Slot [5] registered
[    1.479351] acpiphp: Slot [6] registered
[    1.479940] acpiphp: Slot [7] registered
[    1.480447] acpiphp: Slot [8] registered
[    1.480973] acpiphp: Slot [9] registered
[    1.481481] acpiphp: Slot [10] registered
[    1.482052] acpiphp: Slot [11] registered
[    1.482650] acpiphp: Slot [12] registered
[    1.482845] acpiphp: Slot [13] registered
[    1.483335] acpiphp: Slot [14] registered
[    1.483772] acpiphp: Slot [15] registered
[    1.484221] acpiphp: Slot [16] registered
[    1.484680] acpiphp: Slot [17] registered
[    1.485135] acpiphp: Slot [18] registered
[    1.485587] acpiphp: Slot [19] registered
[    1.486036] acpiphp: Slot [20] registered
[    1.486481] acpiphp: Slot [21] registered
[    1.487164] acpiphp: Slot [22] registered
[    1.487962] acpiphp: Slot [23] registered
[    1.488613] acpiphp: Slot [24] registered
[    1.490705] acpiphp: Slot [25] registered
[    1.491278] acpiphp: Slot [26] registered
[    1.491860] acpiphp: Slot [27] registered
[    1.492463] acpiphp: Slot [28] registered
[    1.493058] acpiphp: Slot [29] registered
[    1.493615] acpiphp: Slot [30] registered
[    1.494193] acpiphp: Slot [31] registered
[    1.494911] PCI host bridge to bus 0000:00
[    1.495645] pci_bus 0000:00: root bus resource [io  0x0000-0x0cf7 window]
[    1.497046] pci_bus 0000:00: root bus resource [io  0x0d00-0xffff window]
[    1.497760] pci_bus 0000:00: root bus resource [mem 0x000a0000-0x000bffff window]
[    1.498806] pci_bus 0000:00: root bus resource [mem 0x80000000-0xfebfffff window]
[    1.499925] pci_bus 0000:00: root bus resource [mem 0x100000000-0x17fffffff window]
[    1.500912] pci_bus 0000:00: root bus resource [bus 00-ff]
[    1.506067] pci 0000:00:00.0: [8086:1237] type 00 class 0x060000
[    1.527094] pci 0000:00:01.0: [8086:7000] type 00 class 0x060100
[    1.536290] pci 0000:00:01.1: [8086:7010] type 00 class 0x010180
[    1.539918] pci 0000:00:01.1: reg 0x20: [io  0xc120-0xc12f]
[    1.540718] pci 0000:00:01.1: legacy IDE quirk: reg 0x10: [io  0x01f0-0x01f7]
[    1.541509] pci 0000:00:01.1: legacy IDE quirk: reg 0x14: [io  0x03f6]
[    1.542184] pci 0000:00:01.1: legacy IDE quirk: reg 0x18: [io  0x0170-0x0177]
[    1.542769] pci 0000:00:01.1: legacy IDE quirk: reg 0x1c: [io  0x0376]
[    1.545389] pci 0000:00:01.3: [8086:7113] type 00 class 0x068000
[    1.547263] pci 0000:00:01.3: quirk: [io  0x0600-0x063f] claimed by PIIX4 ACPI
[    1.548060] pci 0000:00:01.3: quirk: [io  0x0700-0x070f] claimed by PIIX4 SMB
[    1.552833] pci 0000:00:02.0: [1234:1111] type 00 class 0x030000
[    1.558682] pci 0000:00:02.0: reg 0x10: [mem 0xfd000000-0xfdffffff pref]
[    1.559540] pci 0000:00:02.0: reg 0x18: [mem 0xfebd0000-0xfebd0fff]
[    1.560187] pci 0000:00:02.0: reg 0x30: [mem 0xfebc0000-0xfebcffff pref]
[    1.561401] pci 0000:00:02.0: Video device with shadowed ROM at [mem 0x000c0000-0x000dffff]
[    1.572581] pci 0000:00:03.0: [1af4:1000] type 00 class 0x020000
[    1.578275] pci 0000:00:03.0: reg 0x10: [io  0xc100-0xc11f]
[    1.578746] pci 0000:00:03.0: reg 0x14: [mem 0xfebd1000-0xfebd1fff]
[    1.579531] pci 0000:00:03.0: reg 0x20: [mem 0xfe000000-0xfe003fff 64bit pref]
[    1.580387] pci 0000:00:03.0: reg 0x30: [mem 0xfeb80000-0xfebbffff pref]
[    1.593430] pci 0000:00:04.0: [1af4:1001] type 00 class 0x010000
[    1.596715] pci 0000:00:04.0: reg 0x10: [io  0xc000-0xc07f]
[    1.597411] pci 0000:00:04.0: reg 0x14: [mem 0xfebd2000-0xfebd2fff]
[    1.598738] pci 0000:00:04.0: reg 0x20: [mem 0xfe004000-0xfe007fff 64bit pref]
[    1.610931] pci 0000:00:05.0: [1af4:1001] type 00 class 0x010000
[    1.614682] pci 0000:00:05.0: reg 0x10: [io  0xc080-0xc0ff]
[    1.615366] pci 0000:00:05.0: reg 0x14: [mem 0xfebd3000-0xfebd3fff]
[    1.615895] pci 0000:00:05.0: reg 0x20: [mem 0xfe008000-0xfe00bfff 64bit pref]
[    1.632496] ACPI: PCI: Interrupt link LNKA configured for IRQ 10
[    1.635153] ACPI: PCI: Interrupt link LNKB configured for IRQ 10
[    1.636720] ACPI: PCI: Interrupt link LNKC configured for IRQ 11
[    1.638178] ACPI: PCI: Interrupt link LNKD configured for IRQ 11
[    1.638909] ACPI: PCI: Interrupt link LNKS configured for IRQ 9
[    1.647002] iommu: Default domain type: Translated 
[    1.647757] iommu: DMA domain TLB invalidation policy: lazy mode 
[    1.652407] SCSI subsystem initialized
[    1.659357] pci 0000:00:02.0: vgaarb: setting as boot VGA device
[    1.660592] pci 0000:00:02.0: vgaarb: VGA device added: decodes=io+mem,owns=io+mem,locks=none
[    1.661448] pci 0000:00:02.0: vgaarb: bridge control possible
[    1.662148] vgaarb: loaded
[    1.663774] ACPI: bus type USB registered
[    1.664704] usbcore: registered new interface driver usbfs
[    1.665578] usbcore: registered new interface driver hub
[    1.666912] usbcore: registered new device driver usb
[    1.668350] pps_core: LinuxPPS API ver. 1 registered
[    1.668918] pps_core: Software ver. 5.3.6 - Copyright 2005-2007 Rodolfo Giometti <giometti@linux.it>
[    1.670868] PTP clock support registered
[    1.671821] EDAC MC: Ver: 3.0.0
[    1.685873] NetLabel: Initializing
[    1.686714] NetLabel:  domain hash size = 128
[    1.688723] NetLabel:  protocols = UNLABELED CIPSOv4 CALIPSO
[    1.691461] NetLabel:  unlabeled traffic allowed by default
[    1.692663] PCI: Using ACPI for IRQ routing
[    1.696582] hpet: 3 channels of 0 reserved for per-cpu timers
[    1.697438] hpet0: at MMIO 0xfed00000, IRQs 2, 8, 0
[    1.698727] hpet0: 3 comparators, 64-bit 100.000000 MHz counter
[    1.704518] clocksource: Switched to clocksource hpet
[    1.825821] VFS: Disk quotas dquot_6.6.0
[    1.827050] VFS: Dquot-cache hash table entries: 512 (order 0, 4096 bytes)
[    1.832437] AppArmor: AppArmor Filesystem Enabled
[    1.833572] pnp: PnP ACPI init
[    1.841143] pnp: PnP ACPI: found 6 devices
[    1.879260] clocksource: acpi_pm: mask: 0xffffff max_cycles: 0xffffff, max_idle_ns: 2085701024 ns
[    1.882544] NET: Registered PF_INET protocol family
[    1.884281] IP idents hash table entries: 32768 (order: 6, 262144 bytes, linear)
[    1.898641] tcp_listen_portaddr_hash hash table entries: 1024 (order: 2, 16384 bytes, linear)
[    1.900245] Table-perturb hash table entries: 65536 (order: 6, 262144 bytes, linear)
[    1.901296] TCP established hash table entries: 16384 (order: 5, 131072 bytes, linear)
[    1.903012] TCP bind hash table entries: 16384 (order: 6, 262144 bytes, linear)
[    1.904069] TCP: Hash tables configured (established 16384 bind 16384)
[    1.906894] MPTCP token hash table entries: 2048 (order: 4, 49152 bytes, linear)
[    1.908654] UDP hash table entries: 1024 (order: 3, 32768 bytes, linear)
[    1.909668] UDP-Lite hash table entries: 1024 (order: 3, 32768 bytes, linear)
[    1.912982] NET: Registered PF_UNIX/PF_LOCAL protocol family
[    1.914930] NET: Registered PF_XDP protocol family
[    1.916567] pci_bus 0000:00: resource 4 [io  0x0000-0x0cf7 window]
[    1.917214] pci_bus 0000:00: resource 5 [io  0x0d00-0xffff window]
[    1.917794] pci_bus 0000:00: resource 6 [mem 0x000a0000-0x000bffff window]
[    1.918431] pci_bus 0000:00: resource 7 [mem 0x80000000-0xfebfffff window]
[    1.919735] pci_bus 0000:00: resource 8 [mem 0x100000000-0x17fffffff window]
[    1.921657] pci 0000:00:01.0: PIIX3: Enabling Passive Release
[    1.923081] pci 0000:00:00.0: Limiting direct PCI/PCI transfers
[    1.923853] pci 0000:00:01.0: Activating ISA DMA hang workarounds
[    1.924612] PCI: CLS 0 bytes, default 64
[    1.931455] Trying to unpack rootfs image as initramfs...
[    1.935222] Initialise system trusted keyrings
[    1.939849] Key type blacklist registered
[    1.941353] workingset: timestamp_bits=36 max_order=19 bucket_order=0
[    1.959422] zbud: loaded
[    1.965666] squashfs: version 4.0 (2009/01/31) Phillip Lougher
[    1.970554] fuse: init (API version 7.34)
[    1.977369] integrity: Platform Keyring initialized
[    2.006254] Key type asymmetric registered
[    2.008289] Asymmetric key parser 'x509' registered
[    2.009380] Block layer SCSI generic (bsg) driver version 0.4 loaded (major 243)
[    2.012396] io scheduler mq-deadline registered
[    2.021067] shpchp: Standard Hot Plug PCI Controller Driver version: 0.4
[    2.030402] input: Power Button as /devices/LNXSYSTM:00/LNXPWRBN:00/input/input0
[    2.035887] ACPI: button: Power Button [PWRF]
[    2.350070] ACPI: \_SB_.LNKC: Enabled at IRQ 11
[    2.643845] ACPI: \_SB_.LNKD: Enabled at IRQ 10
[    2.946964] ACPI: \_SB_.LNKA: Enabled at IRQ 10
[    2.951598] Serial: 8250/16550 driver, 32 ports, IRQ sharing enabled
[    2.983114] 00:04: ttyS0 at I/O 0x3f8 (irq = 4, base_baud = 115200) is a 16550A
[    3.007922] Linux agpgart interface v0.103
[    3.038055] loop: module loaded
[    3.057317] scsi host0: ata_piix
[    3.063969] scsi host1: ata_piix
[    3.065237] ata1: PATA max MWDMA2 cmd 0x1f0 ctl 0x3f6 bmdma 0xc120 irq 14
[    3.065908] ata2: PATA max MWDMA2 cmd 0x170 ctl 0x376 bmdma 0xc128 irq 15
[    3.072081] tun: Universal TUN/TAP device driver, 1.6
[    3.073512] PPP generic driver version 2.4.2
[    3.076317] VFIO - User Level meta-driver version: 0.3
[    3.079601] ehci_hcd: USB 2.0 'Enhanced' Host Controller (EHCI) Driver
[    3.080775] ehci-pci: EHCI PCI platform driver
[    3.081650] ehci-platform: EHCI generic platform driver
[    3.082421] ohci_hcd: USB 1.1 'Open' Host Controller (OHCI) Driver
[    3.084066] ohci-pci: OHCI PCI platform driver
[    3.084775] ohci-platform: OHCI generic platform driver
[    3.085347] uhci_hcd: USB Universal Host Controller Interface driver
[    3.087451] i8042: PNP: PS/2 Controller [PNP0303:KBD,PNP0f13:MOU] at 0x60,0x64 irq 1,12
[    3.095230] serio: i8042 KBD port at 0x60,0x64 irq 1
[    3.096111] serio: i8042 AUX port at 0x60,0x64 irq 12
[    3.099501] mousedev: PS/2 mouse device common for all mice
[    3.105195] input: AT Translated Set 2 keyboard as /devices/platform/i8042/serio0/input/input1
[    3.109081] rtc_cmos 00:05: RTC can wake from S4
[    3.115436] rtc_cmos 00:05: registered as rtc0
[    3.116783] rtc_cmos 00:05: setting system clock to 2026-10-01T19:26:32 UTC (1790882792)
[    3.119007] rtc_cmos 00:05: alarms up to one day, y3k, 242 bytes nvram, hpet irqs
[    3.119803] i2c_dev: i2c /dev entries driver
[    3.120821] device-mapper: core: CONFIG_IMA_DISABLE_HTABLE is disabled. Duplicate IMA measurements will not be recorded in the IMA log.
[    3.122533] device-mapper: uevent: version 1.0.3
[    3.124494] device-mapper: ioctl: 4.45.0-ioctl (2021-03-22) initialised: dm-devel@redhat.com
[    3.126791] ledtrig-cpu: registered to indicate activity on CPUs
[    3.129035] drop_monitor: Initializing network drop monitor service
[    3.131770] NET: Registered PF_INET6 protocol family
[    3.241877] ata2.00: ATAPI: QEMU DVD-ROM, 2.5+, max UDMA/100
[    3.257399] scsi 1:0:0:0: CD-ROM            QEMU     QEMU DVD-ROM     2.5+ PQ: 0 ANSI: 5
[    3.341754] sr 1:0:0:0: [sr0] scsi3-mmc drive: 4x/4x cd/rw xa/form2 tray
[    3.423403] cdrom: Uniform CD-ROM driver Revision: 3.20
[    3.495444] sr 1:0:0:0: Attached scsi generic sg0 type 5
[    4.004667] Freeing initrd memory: 33000K
[    4.479789] Segment Routing with IPv6
[    4.481128] In-situ OAM (IOAM) with IPv6
[    4.482534] NET: Registered PF_PACKET protocol family
[    4.487063] Key type dns_resolver registered
[    4.493888] IPI shorthand broadcast: enabled
[    4.498177] registered taskstats version 1
[    4.502906] Loading compiled-in X.509 certificates
[    4.520672] Loaded X.509 cert 'Build time autogenerated kernel key: 9d83e2f27fa0bf7fafda6a7a37a8a6eaebc407a5'
[    4.524058] Loaded X.509 cert 'Canonical Ltd. Live Patch Signing 2025 Kmod: d541cef61dc7e793b7eb7e899970a2eef0b5dc8c'
[    4.526440] Loaded X.509 cert 'Canonical Ltd. Live Patch Signing: 14df34d1a87cf37625abec039ef2bf521249b969'
[    4.531047] Loaded X.509 cert 'Canonical Ltd. Kernel Module Signing 2025 Kmod: 4627603d2357a2a3f81006370894c221175893e9'
[    4.533999] Loaded X.509 cert 'Canonical Ltd. Kernel Module Signing: 88f752e560a1e0737e31163a466ad7b70a850c19'
[    4.536046] blacklist: Loading compiled-in revocation X.509 certificates
[    4.538778] Loaded X.509 cert 'Canonical Ltd. Secure Boot Signing: 61482aa2830d0ab2ad5af10b7250da9033ddcef0'
[    4.540282] Loaded X.509 cert 'Canonical Ltd. Secure Boot Signing (2017): 242ade75ac4a15e50d50c84b0d45ff3eae707a03'
[    4.541871] Loaded X.509 cert 'Canonical Ltd. Secure Boot Signing (ESM 2018): 365188c1d374d6b07c3c8f240f8ef722433d6a8b'
[    4.543956] Loaded X.509 cert 'Canonical Ltd. Secure Boot Signing (2019): c0746fd6c5da3ae827864651ad66ae47fe24b3e8'
[    4.545217] Loaded X.509 cert 'Canonical Ltd. Secure Boot Signing (2021 v1): a8d54bbb3825cfb94fa13c9f8a594a195c107b8d'
[    4.546764] Loaded X.509 cert 'Canonical Ltd. Secure Boot Signing (2021 v2): 4cf046892d6fd3c9a5b03f98d845f90851dc6a8c'
[    4.548427] Loaded X.509 cert 'Canonical Ltd. Secure Boot Signing (2021 v3): 100437bb6de6e469b581e61cd66bce3ef4ed53af'
[    4.549910] Loaded X.509 cert 'Canonical Ltd. Secure Boot Signing (Ubuntu Core 2019): c1d57b8f6b743f23ee41f4f7ee292f06eecadfb9'
[    4.555864] zswap: loaded using pool lzo/zbud
[    4.565249] Key type .fscrypt registered
[    4.567212] Key type fscrypt-provisioning registered
[    4.708400] Key type encrypted registered
[    4.709112] AppArmor: AppArmor sha1 policy hashing enabled
[    4.710665] ima: No TPM chip found, activating TPM-bypass!
[    4.711494] Loading compiled-in module X.509 certificates
[    4.715361] Loaded X.509 cert 'Build time autogenerated kernel key: 9d83e2f27fa0bf7fafda6a7a37a8a6eaebc407a5'
[    4.716875] ima: Allocated hash algorithm: sha1
[    4.720225] ima: No architecture policies found
[    4.723473] evm: Initialising EVM extended attributes:
[    4.724148] evm: security.selinux
[    4.724859] evm: security.SMACK64
[    4.725284] evm: security.SMACK64EXEC
[    4.725683] evm: security.SMACK64TRANSMUTE
[    4.726755] evm: security.SMACK64MMAP
[    4.727429] evm: security.apparmor
[    4.728415] evm: security.ima
[    4.728829] evm: security.capability
[    4.729311] evm: HMAC attrs: 0x1
[    4.735632] PM:   Magic number: 14:489:444
[    4.746582] powernow_k8: Power state transitions not supported
[    4.747953] powernow_k8: Power state transitions not supported
[    4.750900] RAS: Correctable Errors collector initialized.
[    4.753568] Unstable clock detected, switching default tracing clock to "global"
[    4.753568] If you want to keep using the local clock, then add:
[    4.753568]   "trace_clock=local"
[    4.753568] on the kernel command line
[    4.760217] clk: Disabling unused clocks
[    4.786916] Freeing unused decrypted memory: 2036K
[    4.937443] Freeing unused kernel image (initmem) memory: 3292K
[    4.939316] Write protecting the kernel read-only data: 30720k
[    4.944252] Freeing unused kernel image (text/rodata gap) memory: 2036K
[    4.947252] Freeing unused kernel image (rodata/data gap) memory: 1284K
[    5.150049] x86/mm: Checked W+X mappings: passed, no W+X pages found.
[    5.153790] Run /init as init process
Loading, please wait...
Starting version 249.11-0ubuntu3.22
[    7.109491] virtio_blk virtio1: [vda] 20971520 512-byte logical blocks (10.7 GB/10.0 GiB)
[    7.145255] Floppy drive(s): fd0 is 2.88M AMI BIOS
[    7.164450] GPT:Primary header thinks Alt. header is not at the end of the disk.
[    7.165492] GPT:4612095 != 20971519
[    7.166067] GPT:Alternate GPT header not at the end of the disk.
[    7.166808] GPT:4612095 != 20971519
[    7.167245] GPT: Use GNU Parted to correct GPT errors.
[    7.168407]  vda: vda1 vda14 vda15
[    7.173368] FDC 0 is a S82078B
[    7.189771] virtio_blk virtio2: [vdb] 732 512-byte logical blocks (375 kB/366 KiB)
[    7.932857] virtio_net virtio0 ens3: renamed from eth0
[    8.140037] input: ImExPS/2 Generic Explorer Mouse as /devices/platform/i8042/serio1/input/input3
Begin: Loading essential drivers ... [   11.299030] raid6: sse2x4   gen()  1083 MB/s
[   11.366214] raid6: sse2x4   xor()   678 MB/s
[   11.434707] raid6: sse2x2   gen()   936 MB/s
[   11.502290] raid6: sse2x2   xor()   580 MB/s
[   11.571019] raid6: sse2x1   gen()   948 MB/s
[   11.638424] raid6: sse2x1   xor()   418 MB/s
[   11.639314] raid6: using algorithm sse2x4 gen() 1083 MB/s
[   11.639789] raid6: .... xor() 678 MB/s, rmw enabled
[   11.640569] raid6: using intx1 recovery algorithm
[   11.646827] xor: measuring software checksum speed
[   11.651852]    prefetch64-sse  :   746 MB/sec
[   11.656357]    generic_sse     :   830 MB/sec
[   11.658119] xor: using function: generic_sse (830 MB/sec)
[   11.664836] async_tx: api initialized (async)
done.
Begin: Running /scripts/init-premount ... done.
Begin: Mounting root file system ... Begin: Running /scripts/local-top ... done.
Begin: Running /scripts/local-premount ... [   13.117381] Btrfs loaded, crc32c=crc32c-generic, zoned=yes, fsverity=yes
Scanning for Btrfs filesystems
[   13.299222] floppy0: disk absent or changed during operation
[   13.300449] blk_update_request: I/O error, dev fd0, sector 0 op 0x0:(READ) flags 0x80700 phys_seg 1 prio class 0
[   13.302457] floppy0: disk absent or changed during operation
[   13.303118] blk_update_request: I/O error, dev fd0, sector 0 op 0x0:(READ) flags 0x0 phys_seg 1 prio class 0
[   13.304217] Buffer I/O error on dev fd0, logical block 0, async page read
done.
Warning: fsck not present, so skipping root file system
[   14.098118] EXT4-fs (vda1): mounted filesystem with ordered data mode. Opts: (null). Quota mode: none.
done.
Begin: Running /scripts/local-bottom ... done.
Begin: Running /scripts/init-bottom ... done.
[   16.297848] systemd[1]: Inserted module 'autofs4'
[   16.491195] systemd[1]: systemd 249.11-0ubuntu3.22 running in system mode (+PAM +AUDIT +SELINUX +APPARMOR +IMA +SMACK +SECCOMP +GCRYPT +GNUTLS +OPENSSL +ACL +BLKID +CURL +ELFUTILS +FIDO2 +IDN2 -IDN +IPTC +KMOD +LIBCRYPTSETUP +LIBFDISK +PCRE2 -PWQUALITY -P11KIT -QRENCODE +BZIP2 +LZ4 +XZ +ZLIB +ZSTD -XKBCOMMON +UTMP +SYSVINIT default-hierarchy=unified)
[   16.501873] systemd[1]: Detected virtualization qemu.
[   16.504212] systemd[1]: Detected architecture x86-64.

Welcome to [1mUbuntu 22.04.5 LTS[0m!

[   16.524966] systemd[1]: Hostname set to <ubuntu>.
[   16.542930] random: systemd: uninitialized urandom read (16 bytes read)
[   16.544296] systemd[1]: Initializing machine ID from random generator.
[   16.548277] systemd[1]: Installed transient /etc/machine-id file.
[   18.180591] random: lvmconfig: uninitialized urandom read (4 bytes read)
[   18.746588] floppy0: disk absent or changed during operation
[   18.747828] blk_update_request: I/O error, dev fd0, sector 0 op 0x0:(READ) flags 0x80700 phys_seg 1 prio class 0
[   18.749491] floppy0: disk absent or changed during operation
[   18.750788] blk_update_request: I/O error, dev fd0, sector 0 op 0x0:(READ) flags 0x0 phys_seg 1 prio class 0
[   18.751912] Buffer I/O error on dev fd0, logical block 0, async page read
[   19.410620] systemd[1]: Configuration file /run/systemd/system/netplan-ovs-cleanup.service is marked world-inaccessible. This has no effect as configuration data is accessible via APIs without restrictions. Proceeding anyway.
[   19.610250] systemd[1]: /lib/systemd/system/snapd.service:23: Unknown key name 'RestartMode' in section 'Service', ignoring.
[   20.333871] random: systemd: uninitialized urandom read (16 bytes read)
[   20.357639] systemd[1]: Queued start job for default target Graphical Interface.
[   20.373394] random: systemd: uninitialized urandom read (16 bytes read)
[   20.428078] systemd[1]: Created slice Slice /system/modprobe.
[[0;32m  OK  [0m] Created slice [0;1;39mSlice /system/modprobe[0m.
[   20.439010] random: systemd: uninitialized urandom read (16 bytes read)
[   20.451066] systemd[1]: Created slice Slice /system/serial-getty.
[[0;32m  OK  [0m] Created slice [0;1;39mSlice /system/serial-getty[0m.
[   20.459516] systemd[1]: Created slice Slice /system/systemd-fsck.
[[0;32m  OK  [0m] Created slice [0;1;39mSlice /system/systemd-fsck[0m.
[   20.463979] systemd[1]: Created slice User and Session Slice.
[[0;32m  OK  [0m] Created slice [0;1;39mUser and Session Slice[0m.
[   20.468673] systemd[1]: Started Forward Password Requests to Wall Directory Watch.
[[0;32m  OK  [0m] Started [0;1;39mForward Password R…uests to Wall Directory Watch[0m.
[   20.482320] systemd[1]: Set up automount Arbitrary Executable File Formats File System Automount Point.
[[0;32m  OK  [0m] Set up automount [0;1;39mArbitrary…s File System Automount Point[0m.
[   20.488400] systemd[1]: Reached target Slice Units.
[[0;32m  OK  [0m] Reached target [0;1;39mSlice Units[0m.
[   20.490185] systemd[1]: Reached target Mounting snaps.
[[0;32m  OK  [0m] Reached target [0;1;39mMounting snaps[0m.
[   20.492674] systemd[1]: Reached target Swaps.
[[0;32m  OK  [0m] Reached target [0;1;39mSwaps[0m.
[   20.494302] systemd[1]: Reached target Local Verity Protected Volumes.
[[0;32m  OK  [0m] Reached target [0;1;39mLocal Verity Protected Volumes[0m.
[   20.501850] systemd[1]: Listening on Device-mapper event daemon FIFOs.
[[0;32m  OK  [0m] Listening on [0;1;39mDevice-mapper event daemon FIFOs[0m.
[   20.511409] systemd[1]: Listening on LVM2 poll daemon socket.
[[0;32m  OK  [0m] Listening on [0;1;39mLVM2 poll daemon socket[0m.
[   20.515960] systemd[1]: Listening on multipathd control socket.
[[0;32m  OK  [0m] Listening on [0;1;39mmultipathd control socket[0m.
[   20.527027] systemd[1]: Listening on Syslog Socket.
[[0;32m  OK  [0m] Listening on [0;1;39mSyslog Socket[0m.
[   20.530861] systemd[1]: Listening on fsck to fsckd communication Socket.
[[0;32m  OK  [0m] Listening on [0;1;39mfsck to fsckd communication Socket[0m.
[   20.534642] systemd[1]: Listening on initctl Compatibility Named Pipe.
[[0;32m  OK  [0m] Listening on [0;1;39minitctl Compatibility Named Pipe[0m.
[   20.548110] systemd[1]: Listening on Journal Audit Socket.
[[0;32m  OK  [0m] Listening on [0;1;39mJournal Audit Socket[0m.
[   20.557267] systemd[1]: Listening on Journal Socket (/dev/log).
[[0;32m  OK  [0m] Listening on [0;1;39mJournal Socket (/dev/log)[0m.
[   20.562770] systemd[1]: Listening on Journal Socket.
[[0;32m  OK  [0m] Listening on [0;1;39mJournal Socket[0m.
[   20.568694] systemd[1]: Listening on Network Service Netlink Socket.
[[0;32m  OK  [0m] Listening on [0;1;39mNetwork Service Netlink Socket[0m.
[   20.577659] systemd[1]: Listening on udev Control Socket.
[[0;32m  OK  [0m] Listening on [0;1;39mudev Control Socket[0m.
[   20.582986] systemd[1]: Listening on udev Kernel Socket.
[[0;32m  OK  [0m] Listening on [0;1;39mudev Kernel Socket[0m.
[   20.613658] systemd[1]: Mounting Huge Pages File System...
         Mounting [0;1;39mHuge Pages File System[0m...
[   20.631857] systemd[1]: Mounting POSIX Message Queue File System...
         Mounting [0;1;39mPOSIX Message Queue File System[0m...
[   20.648112] systemd[1]: Mounting Kernel Debug File System...
         Mounting [0;1;39mKernel Debug File System[0m...
[   20.669382] systemd[1]: Mounting Kernel Trace File System...
         Mounting [0;1;39mKernel Trace File System[0m...
[   20.819038] systemd[1]: Starting Journal Service...
         Starting [0;1;39mJournal Service[0m...
[   20.913546] systemd[1]: Starting Set the console keyboard layout...
         Starting [0;1;39mSet the console keyboard layout[0m...
[   21.045043] systemd[1]: Starting Create List of Static Device Nodes...
         Starting [0;1;39mCreate List of Static Device Nodes[0m...
[   21.143932] systemd[1]: Starting Monitoring of LVM2 mirrors, snapshots etc. using dmeventd or progress polling...
         Starting [0;1;39mMonitoring of LVM…meventd or progress polling[0m...
[   21.180658] systemd[1]: Condition check resulted in LXD - agent being skipped.
[   21.216003] systemd[1]: Starting Load Kernel Module configfs...
         Starting [0;1;39mLoad Kernel Module configfs[0m...
[   21.252505] systemd[1]: Starting Load Kernel Module drm...
         Starting [0;1;39mLoad Kernel Module drm[0m...
[   21.296189] systemd[1]: Starting Load Kernel Module efi_pstore...
         Starting [0;1;39mLoad Kernel Module efi_pstore[0m...
[   21.360070] systemd[1]: Starting Load Kernel Module fuse...
         Starting [0;1;39mLoad Kernel Module fuse[0m...
[   21.377341] random: systemd-journal: uninitialized urandom read (16 bytes read)
[   21.380070] systemd[1]: Condition check resulted in OpenVSwitch configuration for cleanup being skipped.
[   21.396411] random: systemd: uninitialized urandom read (16 bytes read)
[   21.444689] systemd[1]: Starting File System Check on Root Device...
         Starting [0;1;39mFile System Check on Root Device[0m...
[   21.508299] random: systemd: uninitialized urandom read (16 bytes read)
[   21.560216] systemd[1]: Starting Load Kernel Modules...
         Starting [0;1;39mLoad Kernel Modules[0m...
[   21.691369] systemd[1]: Starting Coldplug All udev Devices...
         Starting [0;1;39mColdplug All udev Devices[0m...
[   21.837109] systemd[1]: Mounted Huge Pages File System.
[[0;32m  OK  [0m] Mounted [0;1;39mHuge Pages File System[0m.
[   21.870600] systemd[1]: Mounted POSIX Message Queue File System.
[[0;32m  OK  [0m] Mounted [0;1;39mPOSIX Message Queue File System[0m.
[   21.905039] systemd[1]: Mounted Kernel Debug File System.
[[0;32m  OK  [0m] Mounted [0;1;39mKernel Debug File System[0m.
[   21.933313] systemd[1]: Mounted Kernel Trace File System.
[[0;32m  OK  [0m] Mounted [0;1;39mKernel Trace File System[0m.
[   21.992857] systemd[1]: Finished Create List of Static Device Nodes.
[[0;32m  OK  [0m] Finished [0;1;39mCreate List of Static Device Nodes[0m.
[   22.044931] systemd[1]: modprobe@configfs.service: Deactivated successfully.
[   22.057272] systemd[1]: Finished Load Kernel Module configfs.
[[0;32m  OK  [0m] Finished [0;1;39mLoad Kernel Module configfs[0m.
[   22.107522] systemd[1]: modprobe@efi_pstore.service: Deactivated successfully.
[   22.135212] systemd[1]: Finished Load Kernel Module efi_pstore.
[[0;32m  OK  [0m] Finished [0;1;39mLoad Kernel Module efi_pstore[0m.
[   22.153753] systemd[1]: modprobe@fuse.service: Deactivated successfully.
[   22.187668] systemd[1]: Finished Load Kernel Module fuse.
[[0;32m  OK  [0m] Finished [0;1;39mLoad Kernel Module fuse[0m.
[   22.262717] systemd[1]: Mounting FUSE Control File System...
         Mounting [0;1;39mFUSE Control File System[0m...
[   22.344685] systemd[1]: Mounting Kernel Configuration File System...
         Mounting [0;1;39mKernel Configuration File System[0m...
[   22.383906] random: systemd: uninitialized urandom read (16 bytes read)
[   22.461540] systemd[1]: Started File System Check Daemon to report status.
[[0;32m  OK  [0m] Started [0;1;39mFile System Check Daemon to report status[0m.[   22.503083] random: systemd-journal: uninitialized urandom read (16 bytes read)

[   22.580874] systemd[1]: Started Journal Service.
[[0;32m  OK  [0m] Started [0;1;39mJournal Service[0m.
[[0;32m  OK  [0m] Finished [0;1;39mMonitoring of LVM… dmeventd or progress polling[0m.
[[0;32m  OK  [0m] Finished [0;1;39mLoad Kernel Module drm[0m.
[[0;32m  OK  [0m] Finished [0;1;39mFile System Check on Root Device[0m.
[[0;32m  OK  [0m] Finished [0;1;39mLoad Kernel Modules[0m.
[[0;32m  OK  [0m] Mounted [0;1;39mFUSE Control File System[0m.
[[0;32m  OK  [0m] Mounted [0;1;39mKernel Configuration File System[0m.
         Starting [0;1;39mRemount Root and Kernel File Systems[0m...
         Starting [0;1;39mApply Kernel Variables[0m...
[[0;32m  OK  [0m] Finished [0;1;39mRemount Root and Kernel File Systems[0m.
         Starting [0;1;39mDevice-Mapper Multipath Device Controller[0m...
         Starting [0;1;39mFlush Journal to Persistent Storage[0m...
         Starting [0;1;39mLoad/Save Random Seed[0m...
         Starting [0;1;39mCreate System Users[0m...
[[0;32m  OK  [0m] Finished [0;1;39mApply Kernel Variables[0m.
[[0;32m  OK  [0m] Finished [0;1;39mSet the console keyboard layout[0m.
[[0;32m  OK  [0m] Finished [0;1;39mColdplug All udev Devices[0m.
[[0;32m  OK  [0m] Finished [0;1;39mCreate System Users[0m.
         Starting [0;1;39mCreate Static Device Nodes in /dev[0m...
[[0;32m  OK  [0m] Finished [0;1;39mFlush Journal to Persistent Storage[0m.
[[0;32m  OK  [0m] Started [0;1;39mDevice-Mapper Multipath Device Controller[0m.
[[0;32m  OK  [0m] Finished [0;1;39mCreate Static Device Nodes in /dev[0m.
[[0;32m  OK  [0m] Reached target [0;1;39mPreparation for Local File Systems[0m.
         Mounting [0;1;39mMount unit for core22, revision 2955[0m...
         Mounting [0;1;39mMount unit for lxd, revision 40911[0m...
         Mounting [0;1;39mMount unit for snapd, revision 27738[0m...
         Starting [0;1;39mRule-based Manage…for Device Events and Files[0m...
[[0;32m  OK  [0m] Mounted [0;1;39mMount unit for core22, revision 2955[0m.
[[0;32m  OK  [0m] Mounted [0;1;39mMount unit for lxd, revision 40911[0m.
[[0;32m  OK  [0m] Mounted [0;1;39mMount unit for snapd, revision 27738[0m.
[[0;32m  OK  [0m] Reached target [0;1;39mMounted snaps[0m.
[[0;32m  OK  [0m] Started [0;1;39mRule-based Manager for Device Events and Files[0m.
[[0;32m  OK  [0m] Started [0;1;39mDispatch Password …ts to Console Directory Watch[0m.
[[0;32m  OK  [0m] Reached target [0;1;39mLocal Encrypted Volumes[0m.
[[0;32m  OK  [0m] Finished [0;1;39mLoad/Save Random Seed[0m.
[[0;32m  OK  [0m] Found device [0;1;39m/dev/ttyS0[0m.
[[0;32m  OK  [0m] Listening on [0;1;39mLoad/Save RF …itch Status /dev/rfkill Watch[0m.
[[0;32m  OK  [0m] Found device [0;1;39m/dev/disk/by-label/UEFI[0m.
         Starting [0;1;39mFile System Check on /dev/disk/by-label/UEFI[0m...
[[0;32m  OK  [0m] Finished [0;1;39mFile System Check on /dev/disk/by-label/UEFI[0m.
         Mounting [0;1;39m/boot/efi[0m...
[[0;32m  OK  [0m] Mounted [0;1;39m/boot/efi[0m.
[[0;32m  OK  [0m] Reached target [0;1;39mLocal File Systems[0m.
         Starting [0;1;39mLoad AppArmor profiles[0m...
         Starting [0;1;39mSet console font and keymap[0m...
         Starting [0;1;39mCreate final runt…dir for shutdown pivot root[0m...
         Starting [0;1;39mTell Plymouth To Write Out Runtime Data[0m...
         Starting [0;1;39mSet Up Additional Binary Formats[0m...
         Starting [0;1;39mCommit a transient machine-id on disk[0m...
         Starting [0;1;39mCreate Volatile Files and Directories[0m...
         Starting [0;1;39mUncomplicated firewall[0m...
[[0;32m  OK  [0m] Finished [0;1;39mCreate final runt…e dir for shutdown pivot root[0m.
[[0;32m  OK  [0m] Finished [0;1;39mTell Plymouth To Write Out Runtime Data[0m.
         Mounting [0;1;39mArbitrary Executable File Formats File System[0m...
[[0;32m  OK  [0m] Finished [0;1;39mUncomplicated firewall[0m.
[[0;32m  OK  [0m] Finished [0;1;39mSet console font and keymap[0m.
[[0;32m  OK  [0m] Finished [0;1;39mCommit a transient machine-id on disk[0m.
[[0;32m  OK  [0m] Finished [0;1;39mCreate Volatile Files and Directories[0m.
         Starting [0;1;39mNetwork Time Synchronization[0m...
         Starting [0;1;39mRecord System Boot/Shutdown in UTMP[0m...
[[0;32m  OK  [0m] Mounted [0;1;39mArbitrary Executable File Formats File System[0m.
[[0;32m  OK  [0m] Finished [0;1;39mRecord System Boot/Shutdown in UTMP[0m.
[[0;32m  OK  [0m] Finished [0;1;39mSet Up Additional Binary Formats[0m.
[[0;32m  OK  [0m] Started [0;1;39mNetwork Time Synchronization[0m.
[[0;32m  OK  [0m] Reached target [0;1;39mSystem Time Set[0m.
[[0;32m  OK  [0m] Finished [0;1;39mLoad AppArmor profiles[0m.
         Starting [0;1;39mLoad AppArmor pro…managed internally by snapd[0m...
         Starting [0;1;39mCloud-init: Local Stage (pre-network)[0m...
[   58.112629] cloud-init[487]: Cloud-init v. 26.1-0ubuntu1~22.04.1 running 'init-local' at Thu, 01 Oct 2026 19:27:26 +0000. Up 57.51 seconds.
[   58.506992] blk_update_request: I/O error, dev fd0, sector 0 op 0x0:(READ) flags 0x80700 phys_seg 1 prio class 0
[   58.509665] blk_update_request: I/O error, dev fd0, sector 0 op 0x0:(READ) flags 0x0 phys_seg 1 prio class 0
[   58.510484] Buffer I/O error on dev fd0, logical block 0, async page read
[   58.781092] blk_update_request: I/O error, dev fd0, sector 0 op 0x0:(READ) flags 0x80700 phys_seg 1 prio class 0
[   58.784549] blk_update_request: I/O error, dev fd0, sector 0 op 0x0:(READ) flags 0x0 phys_seg 1 prio class 0
[   58.787798] Buffer I/O error on dev fd0, logical block 0, async page read
[   59.048749] blk_update_request: I/O error, dev fd0, sector 0 op 0x0:(READ) flags 0x80700 phys_seg 1 prio class 0
[   59.053261] blk_update_request: I/O error, dev fd0, sector 0 op 0x0:(READ) flags 0x0 phys_seg 1 prio class 0
[   59.056045] Buffer I/O error on dev fd0, logical block 0, async page read
[   59.297285] blk_update_request: I/O error, dev fd0, sector 0 op 0x0:(READ) flags 0x80700 phys_seg 1 prio class 0
[   59.301481] blk_update_request: I/O error, dev fd0, sector 0 op 0x0:(READ) flags 0x0 phys_seg 1 prio class 0
[   59.303442] Buffer I/O error on dev fd0, logical block 0, async page read
[   59.516234] blk_update_request: I/O error, dev fd0, sector 0 op 0x0:(READ) flags 0x80700 phys_seg 1 prio class 0
[   59.517572] blk_update_request: I/O error, dev fd0, sector 0 op 0x0:(READ) flags 0x0 phys_seg 1 prio class 0
[   59.518435] Buffer I/O error on dev fd0, logical block 0, async page read
[[0;32m  OK  [0m] Finished [0;1;39mCloud-init: Local Stage (pre-network)[0m.
[[0;32m  OK  [0m] Reached target [0;1;39mPreparation for Network[0m.
         Starting [0;1;39mNetwork Configuration[0m...
[[0;32m  OK  [0m] Started [0;1;39mNetwork Configuration[0m.
         Starting [0;1;39mWait for Network to be Configured[0m...
         Starting [0;1;39mNetwork Name Resolution[0m...
[[0;32m  OK  [0m] Started [0;1;39mNetwork Name Resolution[0m.
[[0;32m  OK  [0m] Reached target [0;1;39mNetwork[0m.
[[0;32m  OK  [0m] Reached target [0;1;39mHost and Network Name Lookups[0m.
[[0;32m  OK  [0m] Finished [0;1;39mWait for Network to be Configured[0m.
         Starting [0;1;39mCloud-init: Network Stage[0m...
[   73.626931] cloud-init[521]: Cloud-init v. 26.1-0ubuntu1~22.04.1 running 'init' at Thu, 01 Oct 2026 19:27:42 +0000. Up 73.14 seconds.
[   73.990758] cloud-init[521]: ci-info: ++++++++++++++++++++++++++++++++++++++Net device info++++++++++++++++++++++++++++++++++++++
[   73.995394] cloud-init[521]: ci-info: +--------+------+----------------------------+---------------+--------+-------------------+
[   74.005780] cloud-init[521]: ci-info: | Device |  Up  |          Address           |      Mask     | Scope  |     Hw-Address    |
[   74.008694] cloud-init[521]: ci-info: +--------+------+----------------------------+---------------+--------+-------------------+
[   74.022736] cloud-init[521]: ci-info: |  ens3  | True |         10.0.2.15          | 255.255.255.0 | global | 52:54:00:12:34:56 |
[   74.027197] cloud-init[521]: ci-info: |  ens3  | True | fec0::5054:ff:fe12:3456/64 |       .       |  site  | 52:54:00:12:34:56 |
[   74.037400] cloud-init[521]: ci-info: |  ens3  | True | fe80::5054:ff:fe12:3456/64 |       .       |  link  | 52:54:00:12:34:56 |
[   74.039396] cloud-init[521]: ci-info: |   lo   | True |         127.0.0.1          |   255.0.0.0   |  host  |         .         |
[   74.041420] cloud-init[521]: ci-info: |   lo   | True |          ::1/128           |       .       |  host  |         .         |
[   74.043608] cloud-init[521]: ci-info: +--------+------+----------------------------+---------------+--------+-------------------+
[   74.054031] cloud-init[521]: ci-info: ++++++++++++++++++++++++++++Route IPv4 info+++++++++++++++++++++++++++++
[   74.056106] cloud-init[521]: ci-info: +-------+-------------+----------+-----------------+-----------+-------+
[   74.058159] cloud-init[521]: ci-info: | Route | Destination | Gateway  |     Genmask     | Interface | Flags |
[   74.069418] cloud-init[521]: ci-info: +-------+-------------+----------+-----------------+-----------+-------+
[   74.071209] cloud-init[521]: ci-info: |   0   |   0.0.0.0   | 10.0.2.2 |     0.0.0.0     |    ens3   |   UG  |
[   74.072953] cloud-init[521]: ci-info: |   1   |   10.0.2.0  | 0.0.0.0  |  255.255.255.0  |    ens3   |   U   |
[   74.074647] cloud-init[521]: ci-info: |   2   |   10.0.2.2  | 0.0.0.0  | 255.255.255.255 |    ens3   |   UH  |
[   74.076306] cloud-init[521]: ci-info: |   3   |   10.0.2.3  | 0.0.0.0  | 255.255.255.255 |    ens3   |   UH  |
[   74.090795] cloud-init[521]: ci-info: +-------+-------------+----------+-----------------+-----------+-------+
[   74.095332] cloud-init[521]: ci-info: +++++++++++++++++++Route IPv6 info+++++++++++++++++++
[   74.097306] cloud-init[521]: ci-info: +-------+-------------+---------+-----------+-------+
[   74.110975] cloud-init[521]: ci-info: | Route | Destination | Gateway | Interface | Flags |
[   74.116252] cloud-init[521]: ci-info: +-------+-------------+---------+-----------+-------+
[   74.119211] cloud-init[521]: ci-info: |   1   |  fe80::/64  |    ::   |    ens3   |   U   |
[   74.124342] cloud-init[521]: ci-info: |   2   |  fec0::/64  |    ::   |    ens3   |   Ue  |
[   74.127498] cloud-init[521]: ci-info: |   3   |     ::/0    | fe80::2 |    ens3   |  UGe  |
[   74.129765] cloud-init[521]: ci-info: |   5   |    local    |    ::   |    ens3   |   U   |
[   74.135390] cloud-init[521]: ci-info: |   6   |    local    |    ::   |    ens3   |   U   |
[   74.136863] cloud-init[521]: ci-info: |   7   |  multicast  |    ::   |    ens3   |   U   |
[   74.139160] cloud-init[521]: ci-info: +-------+-------------+---------+-----------+-------+
[  101.505350] cloud-init[521]: Generating public/private rsa key pair.
[  101.527698] cloud-init[521]: Your identification has been saved in /etc/ssh/ssh_host_rsa_key
[  101.533685] cloud-init[521]: Your public key has been saved in /etc/ssh/ssh_host_rsa_key.pub
[  101.543222] cloud-init[521]: The key fingerprint is:
[  101.546664] cloud-init[521]: SHA256:/9uiILHc/9P9lW9xzLA6EbUOFczKKVXDp3g/1XMD1w4 root@reprozip-qemu
[  101.557753] cloud-init[521]: The key's randomart image is:
[  101.560521] cloud-init[521]: +---[RSA 3072]----+
[  101.563064] cloud-init[521]: |             =+..|
[  101.570034] cloud-init[521]: |            ..Eoo|
[  101.573709] cloud-init[521]: |           o *o*.|
[  101.575918] cloud-init[521]: |          . B =o=|
[  101.582482] cloud-init[521]: |      . S  . = *=|
[  101.585873] cloud-init[521]: |     . + .  . oo*|
[  101.597220] cloud-init[521]: |      + o .  + o=|
[  101.599266] cloud-init[521]: |       . o .=.. =|
[  101.601673] cloud-init[521]: |          oo+=..+|
[  101.603661] cloud-init[521]: +----[SHA256]-----+
[  101.605743] cloud-init[521]: Generating public/private ecdsa key pair.
[  101.608666] cloud-init[521]: Your identification has been saved in /etc/ssh/ssh_host_ecdsa_key
[  101.617521] cloud-init[521]: Your public key has been saved in /etc/ssh/ssh_host_ecdsa_key.pub
[  101.621620] cloud-init[521]: The key fingerprint is:
[  101.623576] cloud-init[521]: SHA256:AfeWra7AOKCaWM6OPtN5Uvf+i6QCMlcdJeL/tNr3px8 root@reprozip-qemu
[  101.633943] cloud-init[521]: The key's randomart image is:
[  101.635971] cloud-init[521]: +---[ECDSA 256]---+
[  101.638128] cloud-init[521]: |     ...o.       |
[  101.639882] cloud-init[521]: |    . .+.. o     |
[  101.642302] cloud-init[521]: |     .. o + .    |
[  101.643953] cloud-init[521]: |     ... o .     |
[  101.646248] cloud-init[521]: |  . .  .S..      |
[  101.653982] cloud-init[521]: | + + + .o..      |
[  101.655848] cloud-init[521]: |. * * + .+.    E |
[  101.657955] cloud-init[521]: |oO + + .=o..   ..|
[  101.659708] cloud-init[521]: |*o* o .oo+oooo+. |
[  101.661512] cloud-init[521]: +----[SHA256]-----+
[  101.666141] cloud-init[521]: Generating public/private ed25519 key pair.
[  101.668950] cloud-init[521]: Your identification has been saved in /etc/ssh/ssh_host_ed25519_key
[  101.671647] cloud-init[521]: Your public key has been saved in /etc/ssh/ssh_host_ed25519_key.pub
[  101.677242] cloud-init[521]: The key fingerprint is:
[  101.679056] cloud-init[521]: SHA256:hHPDJo1FOKOLgB6pkocslWT6zITYh59miha9q0OcSJo root@reprozip-qemu
[  101.686479] cloud-init[521]: The key's randomart image is:
[  101.688761] cloud-init[521]: +--[ED25519 256]--+
[  101.690907] cloud-init[521]: |       oo        |
[  101.692421] cloud-init[521]: |  o   +*         |
[  101.694593] cloud-init[521]: |o*.o .=oB        |
[  101.702009] cloud-init[521]: |*+* o  * .       |
[  101.704038] cloud-init[521]: |O@++ o  S        |
[  101.706042] cloud-init[521]: |EB*.*            |
[  101.707760] cloud-init[521]: |+o.+.            |
[  101.709642] cloud-init[521]: |.o..             |
[  101.718157] cloud-init[521]: |..o..            |
[  101.720172] cloud-init[521]: +----[SHA256]-----+
[[0;32m  OK  [0m] Finished [0;1;39mCloud-init: Network Stage[0m.
[[0;32m  OK  [0m] Reached target [0;1;39mCloud-config availability[0m.
[[0;32m  OK  [0m] Reached target [0;1;39mNetwork is Online[0m.
[[0;32m  OK  [0m] Listening on [0;1;39mcloud-init hotplug hook socket[0m.
[[0;32m  OK  [0m] Reached target [0;1;39mPreparation for Remote File Systems[0m.
[[0;32m  OK  [0m] Reached target [0;1;39mRemote File Systems[0m.
[[0;32m  OK  [0m] Finished [0;1;39mAvailability of block devices[0m.
[ [0;31m*[0;1;31m*[0m[0;31m*  [0m] A start job is running for Load App…lly by snapd (1min 23s / no limit)
M[K[[0;31m*[0;1;31m*[0m[0;31m*   [0m] A start job is running for Load App…lly by snapd (1min 24s / no limit)
M[K[[0;32m  OK  [0m] Finished [0;1;39mLoad AppArmor pro…s managed internally by snapd[0m.
[K[[0;32m  OK  [0m] Reached target [0;1;39mSystem Initialization[0m.
[[0;32m  OK  [0m] Started [0;1;39mDaily apt download activities[0m.
[[0;32m  OK  [0m] Started [0;1;39mDaily apt upgrade and clean activities[0m.
[[0;32m  OK  [0m] Started [0;1;39mDaily dpkg database backup timer[0m.
[[0;32m  OK  [0m] Started [0;1;39mPeriodic ext4 Onli…ata Check for All Filesystems[0m.
[[0;32m  OK  [0m] Started [0;1;39mDiscard unused blocks once a week[0m.
[[0;32m  OK  [0m] Started [0;1;39mDaily rotation of log files[0m.
[[0;32m  OK  [0m] Started [0;1;39mDaily man-db regeneration[0m.
[[0;32m  OK  [0m] Started [0;1;39mMessage of the Day[0m.
[[0;32m  OK  [0m] Started [0;1;39mDaily Cleanup of Temporary Directories[0m.
[[0;32m  OK  [0m] Started [0;1;39mDownload data for …ailed at package install time[0m.
[[0;32m  OK  [0m] Started [0;1;39mCheck to see wheth…w version of Ubuntu available[0m.
[[0;32m  OK  [0m] Reached target [0;1;39mPath Units[0m.
[[0;32m  OK  [0m] Reached target [0;1;39mTimer Units[0m.
[[0;32m  OK  [0m] Listening on [0;1;39mD-Bus System Message Bus Socket[0m.
[[0;32m  OK  [0m] Listening on [0;1;39mOpen-iSCSI iscsid Socket[0m.
         Starting [0;1;39mSocket activation for snappy daemon[0m...
[[0;32m  OK  [0m] Listening on [0;1;39mUUID daemon activation socket[0m.
[[0;32m  OK  [0m] Listening on [0;1;39mSocket activation for snappy daemon[0m.
[[0;32m  OK  [0m] Reached target [0;1;39mSocket Units[0m.
[[0;32m  OK  [0m] Reached target [0;1;39mBasic System[0m.
         Starting [0;1;39mLSB: automatic crash report generation[0m...
[[0;32m  OK  [0m] Started [0;1;39mRegular background program processing daemon[0m.
[[0;32m  OK  [0m] Started [0;1;39mD-Bus System Message Bus[0m.
[[0;32m  OK  [0m] Started [0;1;39mSave initial kernel messages after boot[0m.
         Starting [0;1;39mRemove Stale Onli…t4 Metadata Check Snapshots[0m...
         Starting [0;1;39mRecord successful boot for GRUB[0m...
[[0;32m  OK  [0m] Started [0;1;39mirqbalance daemon[0m.
         Starting [0;1;39mDispatcher daemon for systemd-networkd[0m...
         Starting [0;1;39mPollinate to seed…udo random number generator[0m...
         Starting [0;1;39mSystem Logging Service[0m...
[[0;32m  OK  [0m] Reached target [0;1;39mPreparation for Logins[0m.
         Starting [0;1;39mWait until snapd is fully seeded[0m...
         Starting [0;1;39mSnap Daemon[0m...
         Starting [0;1;39mUser Login Management[0m...
         Starting [0;1;39mPermit User Sessions[0m...
[[0;32m  OK  [0m] Started [0;1;39mSystem Logging Service[0m.
[[0;32m  OK  [0m] Finished [0;1;39mPermit User Sessions[0m.
         Starting [0;1;39mHold until boot process finishes up[0m...
         Starting [0;1;39mTerminate Plymouth Boot Screen[0m...
[[0;32m  OK  [0m] Finished [0;1;39mRemove Stale Onli…ext4 Metadata Check Snapshots[0m.
[[0;32m  OK  [0m] Finished [0;1;39mHold until boot process finishes up[0m.
[[0;32m  OK  [0m] Finished [0;1;39mTerminate Plymouth Boot Screen[0m.
[[0;32m  OK  [0m] Started [0;1;39mSerial Getty on ttyS0[0m.
         Starting [0;1;39mSet console scheme[0m...
[[0;32m  OK  [0m] Finished [0;1;39mRecord successful boot for GRUB[0m.
         Starting [0;1;39mGRUB failed boot detection[0m...
[[0;32m  OK  [0m] Finished [0;1;39mSet console scheme[0m.
[[0;32m  OK  [0m] Created slice [0;1;39mSlice /system/getty[0m.
[[0;32m  OK  [0m] Started [0;1;39mGetty on tty1[0m.
[[0;32m  OK  [0m] Reached target [0;1;39mLogin Prompts[0m.
[[0;32m  OK  [0m] Finished [0;1;39mGRUB failed boot detection[0m.
[[0;32m  OK  [0m] Started [0;1;39mLSB: automatic crash report generation[0m.
[[0;32m  OK  [0m] Started [0;1;39mUser Login Management[0m.
[[0;32m  OK  [0m] Started [0;1;39mUnattended Upgrades Shutdown[0m.

Ubuntu 22.04.5 LTS reprozip-qemu ttyS0

reprozip-qemu login: [[0;32m  OK  [0m] Finished [0;1;39mUpdate APT News[0m.
[[0;32m  OK  [0m] Listening on [0;1;39mSocket unix f…p application lxd.user-daemon[0m.
[[0;32m  OK  [0m] Listening on [0;1;39mSocket unix for snap application lxd.daemon[0m.
         Starting [0;1;39mService for snap application lxd.activate[0m...
[[0;32m  OK  [0m] Finished [0;1;39mService for snap application lxd.activate[0m.
[[0;32m  OK  [0m] Started [0;1;39msnap.lxd.hook.conf…-4b0c-a1b5-cadb391dacdb.scope[0m.
[[0;32m  OK  [0m] Finished [0;1;39mUpdate the local ESM caches[0m.
         Starting [0;1;39mTime & Date Service[0m...
[[0;32m  OK  [0m] Started [0;1;39mTime & Date Service[0m.
[[0;32m  OK  [0m] Finished [0;1;39mWait until snapd is fully seeded[0m.
         Starting [0;1;39mCloud-init: Config Stage[0m...
[[0;32m  OK  [0m] Reached target [0;1;39mMulti-User System[0m.
[[0;32m  OK  [0m] Reached target [0;1;39mGraphical Interface[0m.
         Starting [0;1;39mRecord Runlevel Change in UTMP[0m...
[[0;32m  OK  [0m] Finished [0;1;39mRecord Runlevel Change in UTMP[0m.
[  207.325887] cloud-init[1657]: Cloud-init v. 26.1-0ubuntu1~22.04.1 running 'modules:config' at Thu, 01 Oct 2026 19:29:56 +0000. Up 206.56 seconds.
[[0;32m  OK  [0m] Finished [0;1;39mCloud-init: Config Stage[0m.
         Starting [0;1;39mCloud-init: Final Stage[0m...
[  216.140882] cloud-init[1669]: Cloud-init v. 26.1-0ubuntu1~22.04.1 running 'modules:final' at Thu, 01 Oct 2026 19:30:04 +0000. Up 215.41 seconds.
ci-info: +++++++++++++++++++++++++++++++++++++Authorized keys from /root/.ssh/authorized_keys for user root++++++++++++++++++++++++++++++++++++++
ci-info: +-------------+-------------------------------------------------------------------------------------------------+---------+------------+
ci-info: |   Keytype   |                                       Fingerprint (sha256)                                      | Options |  Comment   |
ci-info: +-------------+-------------------------------------------------------------------------------------------------+---------+------------+
ci-info: | ssh-ed25519 | 47:42:06:83:7f:a6:9b:bf:3e:91:94:a9:2d:8d:db:36:57:6c:c3:e1:85:4d:cf:f2:25:55:a4:76:2d:10:93:3a |    -    | root@modal |
ci-info: +-------------+-------------------------------------------------------------------------------------------------+---------+------------+
<14>Oct  1 19:30:05 cloud-init: #############################################################
<14>Oct  1 19:30:06 cloud-init: -----BEGIN SSH HOST KEY FINGERPRINTS-----
<14>Oct  1 19:30:06 cloud-init: 256 SHA256:AfeWra7AOKCaWM6OPtN5Uvf+i6QCMlcdJeL/tNr3px8 root@reprozip-qemu (ECDSA)
<14>Oct  1 19:30:06 cloud-init: 256 SHA256:hHPDJo1FOKOLgB6pkocslWT6zITYh59miha9q0OcSJo root@reprozip-qemu (ED25519)
<14>Oct  1 19:30:06 cloud-init: 3072 SHA256:/9uiILHc/9P9lW9xzLA6EbUOFczKKVXDp3g/1XMD1w4 root@reprozip-qemu (RSA)
<14>Oct  1 19:30:06 cloud-init: -----END SSH HOST KEY FINGERPRINTS-----
<14>Oct  1 19:30:06 cloud-init: #############################################################
-----BEGIN SSH HOST KEY KEYS-----
ecdsa-sha2-nistp256 AAAAE2VjZHNhLXNoYTItbmlzdHAyNTYAAAAIbmlzdHAyNTYAAABBBPWP0MUT7ArS0mnKBcH7s/rRZdB3NMJ7wF+c644uaZzVO8lXwX+vY54hhvBK9I8REZHN1zcA5Onvyu2SW8EIwhA= root@reprozip-qemu
ssh-ed25519 AAAAC3NzaC1lZDI1NTE5AAAAIOsSxi+3RAtE6O3DUfWYoiwyEehpUQdD38uDrmmdqCNW root@reprozip-qemu
ssh-rsa AAAAB3NzaC1yc2EAAAADAQABAAABgQC+rU52466O93ELDBM3dY5y8umgtWWFHPoONHd05ZGKDDDMgz2rQg4ZWV+76qJ/soYlooYXRzkvKABBgpGcBMK05cy8wH3g+eCIE0goSMvuBb3Xh9cINoj9KS/4f6LUViBcOuWJJxhhGncCINlcOT9Y+/3jPlcxRCLAxfUs2ZBvNlinT04nwrFTPvQGPsdQRfYArMMUoE2Hfi6wtfF3ODYIhHGHKW1TnWo1JEYSHBY1pIXnajdFYB8Hnte9y+jRv7WJzomM/wbXjpRz/gVwdfGbIMTen7jwc3m+IKw+uXW4zVTwb4eBNfWX8qG7EsiGNBl7Qxmdfj2NRd9ovFhpkVr8pm3p83o/T+L+ozJCSYuuUz8uVEqXhrWHI8AN6ssxQNvX9cUdU3WrQrauf+zJWLpL52qMfSP0fRmus2pE8zfeuv+xyFLplOpDctqYzpFqKkLafIT/lZtM7TfHchwrBEyoYi2d0T6g+XmqDrwVcnTebUcUvB41kwA3CKifnqCYh60= root@reprozip-qemu
-----END SSH HOST KEY KEYS-----
[  217.604307] cloud-init[1669]: Cloud-init v. 26.1-0ubuntu1~22.04.1 finished at Thu, 01 Oct 2026 19:30:06 +0000. Datasource DataSourceNoCloud [seed=/dev/vdb].  Up 217.53 seconds
[[0;32m  OK  [0m] Finished [0;1;39mCloud-init: Final Stage[0m.
[[0;32m  OK  [0m] Reached target [0;1;39mCloud-init target[0m.
